Archive member included to satisfy reference by file (symbol)

d:/st/stm32cubeide_1.7.0/stm32cubeide/plugins/com.st.stm32cube.ide.mcu.externaltools.gnu-tools-for-stm32.10.3-2021.10.win32_1.0.0.202111181127/tools/bin/../lib/gcc/arm-none-eabi/10.3.1/../../../../arm-none-eabi/lib/thumb/v7e-m+fp/hard\libc_nano.a(lib_a-errno.o)
                              ./Core/Src/syscalls.o (__errno)
d:/st/stm32cubeide_1.7.0/stm32cubeide/plugins/com.st.stm32cube.ide.mcu.externaltools.gnu-tools-for-stm32.10.3-2021.10.win32_1.0.0.202111181127/tools/bin/../lib/gcc/arm-none-eabi/10.3.1/../../../../arm-none-eabi/lib/thumb/v7e-m+fp/hard\libc_nano.a(lib_a-exit.o)
                              d:/st/stm32cubeide_1.7.0/stm32cubeide/plugins/com.st.stm32cube.ide.mcu.externaltools.gnu-tools-for-stm32.10.3-2021.10.win32_1.0.0.202111181127/tools/bin/../lib/gcc/arm-none-eabi/10.3.1/../../../../arm-none-eabi/lib/thumb/v7e-m+fp/hard/crt0.o (exit)
d:/st/stm32cubeide_1.7.0/stm32cubeide/plugins/com.st.stm32cube.ide.mcu.externaltools.gnu-tools-for-stm32.10.3-2021.10.win32_1.0.0.202111181127/tools/bin/../lib/gcc/arm-none-eabi/10.3.1/../../../../arm-none-eabi/lib/thumb/v7e-m+fp/hard\libc_nano.a(lib_a-impure.o)
                              d:/st/stm32cubeide_1.7.0/stm32cubeide/plugins/com.st.stm32cube.ide.mcu.externaltools.gnu-tools-for-stm32.10.3-2021.10.win32_1.0.0.202111181127/tools/bin/../lib/gcc/arm-none-eabi/10.3.1/../../../../arm-none-eabi/lib/thumb/v7e-m+fp/hard\libc_nano.a(lib_a-exit.o) (_global_impure_ptr)
d:/st/stm32cubeide_1.7.0/stm32cubeide/plugins/com.st.stm32cube.ide.mcu.externaltools.gnu-tools-for-stm32.10.3-2021.10.win32_1.0.0.202111181127/tools/bin/../lib/gcc/arm-none-eabi/10.3.1/../../../../arm-none-eabi/lib/thumb/v7e-m+fp/hard\libc_nano.a(lib_a-init.o)
                              d:/st/stm32cubeide_1.7.0/stm32cubeide/plugins/com.st.stm32cube.ide.mcu.externaltools.gnu-tools-for-stm32.10.3-2021.10.win32_1.0.0.202111181127/tools/bin/../lib/gcc/arm-none-eabi/10.3.1/../../../../arm-none-eabi/lib/thumb/v7e-m+fp/hard/crt0.o (__libc_init_array)
d:/st/stm32cubeide_1.7.0/stm32cubeide/plugins/com.st.stm32cube.ide.mcu.externaltools.gnu-tools-for-stm32.10.3-2021.10.win32_1.0.0.202111181127/tools/bin/../lib/gcc/arm-none-eabi/10.3.1/../../../../arm-none-eabi/lib/thumb/v7e-m+fp/hard\libc_nano.a(lib_a-memset.o)
                              d:/st/stm32cubeide_1.7.0/stm32cubeide/plugins/com.st.stm32cube.ide.mcu.externaltools.gnu-tools-for-stm32.10.3-2021.10.win32_1.0.0.202111181127/tools/bin/../lib/gcc/arm-none-eabi/10.3.1/../../../../arm-none-eabi/lib/thumb/v7e-m+fp/hard/crt0.o (memset)
d:/st/stm32cubeide_1.7.0/stm32cubeide/plugins/com.st.stm32cube.ide.mcu.externaltools.gnu-tools-for-stm32.10.3-2021.10.win32_1.0.0.202111181127/tools/bin/../lib/gcc/arm-none-eabi/10.3.1/../../../../arm-none-eabi/lib/thumb/v7e-m+fp/hard\libc_nano.a(lib_a-printf.o)
                              ./Drivers/ESP8266/esp8266.o (printf)
d:/st/stm32cubeide_1.7.0/stm32cubeide/plugins/com.st.stm32cube.ide.mcu.externaltools.gnu-tools-for-stm32.10.3-2021.10.win32_1.0.0.202111181127/tools/bin/../lib/gcc/arm-none-eabi/10.3.1/../../../../arm-none-eabi/lib/thumb/v7e-m+fp/hard\libc_nano.a(lib_a-findfp.o)
                              d:/st/stm32cubeide_1.7.0/stm32cubeide/plugins/com.st.stm32cube.ide.mcu.externaltools.gnu-tools-for-stm32.10.3-2021.10.win32_1.0.0.202111181127/tools/bin/../lib/gcc/arm-none-eabi/10.3.1/../../../../arm-none-eabi/lib/thumb/v7e-m+fp/hard\libc_nano.a(lib_a-printf.o) (__sinit)
d:/st/stm32cubeide_1.7.0/stm32cubeide/plugins/com.st.stm32cube.ide.mcu.externaltools.gnu-tools-for-stm32.10.3-2021.10.win32_1.0.0.202111181127/tools/bin/../lib/gcc/arm-none-eabi/10.3.1/../../../../arm-none-eabi/lib/thumb/v7e-m+fp/hard\libc_nano.a(lib_a-fwalk.o)
                              d:/st/stm32cubeide_1.7.0/stm32cubeide/plugins/com.st.stm32cube.ide.mcu.externaltools.gnu-tools-for-stm32.10.3-2021.10.win32_1.0.0.202111181127/tools/bin/../lib/gcc/arm-none-eabi/10.3.1/../../../../arm-none-eabi/lib/thumb/v7e-m+fp/hard\libc_nano.a(lib_a-findfp.o) (_fwalk)
d:/st/stm32cubeide_1.7.0/stm32cubeide/plugins/com.st.stm32cube.ide.mcu.externaltools.gnu-tools-for-stm32.10.3-2021.10.win32_1.0.0.202111181127/tools/bin/../lib/gcc/arm-none-eabi/10.3.1/../../../../arm-none-eabi/lib/thumb/v7e-m+fp/hard\libc_nano.a(lib_a-lock.o)
                              d:/st/stm32cubeide_1.7.0/stm32cubeide/plugins/com.st.stm32cube.ide.mcu.externaltools.gnu-tools-for-stm32.10.3-2021.10.win32_1.0.0.202111181127/tools/bin/../lib/gcc/arm-none-eabi/10.3.1/../../../../arm-none-eabi/lib/thumb/v7e-m+fp/hard\libc_nano.a(lib_a-findfp.o) (__retarget_lock_init_recursive)
d:/st/stm32cubeide_1.7.0/stm32cubeide/plugins/com.st.stm32cube.ide.mcu.externaltools.gnu-tools-for-stm32.10.3-2021.10.win32_1.0.0.202111181127/tools/bin/../lib/gcc/arm-none-eabi/10.3.1/../../../../arm-none-eabi/lib/thumb/v7e-m+fp/hard\libc_nano.a(lib_a-nano-mallocr.o)
[...]
Memory Configuration

Name             Origin             Length             Attributes
CCMRAM           0x0000000010000000 0x0000000000010000 xrw
RAM              0x0000000020000000 0x0000000000020000 xrw
FLASH            0x0000000008000000 0x0000000000100000 xr
*default*        0x0000000000000000 0xffffffffffffffff

Linker script and memory map

LOAD d:/st/stm32cubeide_1.7.0/stm32cubeide/plugins/com.st.stm32cube.ide.mcu.externaltools.gnu-tools-for-stm32.10.3-2021.10.win32_1.0.0.202111181127/tools/bin/../lib/gcc/arm-none-eabi/10.3.1/thumb/v7e-m+fp/hard/crti.o
LOAD d:/st/stm32cubeide_1.7.0/stm32cubeide/plugins/com.st.stm32cube.ide.mcu.externaltools.gnu-tools-for-stm32.10.3-2021.10.win32_1.0.0.202111181127/tools/bin/../lib/gcc/arm-none-eabi/10.3.1/thumb/v7e-m+fp/hard/crtbegin.o
LOAD d:/st/stm32cubeide_1.7.0/stm32cubeide/plugins/com.st.stm32cube.ide.mcu.externaltools.gnu-tools-for-stm32.10.3-2021.10.win32_1.0.0.202111181127/tools/bin/../lib/gcc/arm-none-eabi/10.3.1/../../../../arm-none-eabi/lib/thumb/v7e-m+fp/hard/crt0.o
LOAD ./Core/Src/dma.o
LOAD ./Core/Src/gpio.o
LOAD ./Core/Src/main.o
LOAD ./Core/Src/stm32f4xx_hal_msp.o
LOAD ./Core/Src/stm32f4xx_it.o
LOAD ./Core/Src/syscalls.o
LOAD ./Core/Src/sysmem.o
LOAD ./Core/Src/system_stm32f4xx.o
LOAD ./Core/Src/usart.o
LOAD ./Core/Startup/startup_stm32f407zgtx.o
LOAD ./Drivers/ESP8266/esp8266.o
LOAD ./Drivers/STM32F4xx_HAL_Driver/Src/stm32f4xx_hal.o
LOAD ./Drivers/STM32F4xx_HAL_Driver/Src/stm32f4xx_hal_cortex.o
LOAD ./Drivers/STM32F4xx_HAL_Driver/Src/stm32f4xx_hal_dma.o
LOAD ./Drivers/STM32F4xx_HAL_Driver/Src/stm32f4xx_hal_dma_ex.o
LOAD ./Drivers/STM32F4xx_HAL_Driver/Src/stm32f4xx_hal_exti.o
LOAD ./Drivers/STM32F4xx_HAL_Driver/Src/stm32f4xx_hal_flash.o
LOAD ./Drivers/STM32F4xx_HAL_Driver/Src/stm32f4xx_hal_flash_ex.o
LOAD ./Drivers/STM32F4xx_HAL_Driver/Src/stm32f4xx_hal_flash_ramfunc.o
LOAD ./Drivers/STM32F4xx_HAL_Driver/Src/stm32f4xx_hal_gpio.o
LOAD ./Drivers/STM32F4xx_HAL_Driver/Src/stm32f4xx_hal_pwr.o
LOAD ./Drivers/STM32F4xx_HAL_Driver/Src/stm32f4xx_hal_pwr_ex.o
LOAD ./Drivers/STM32F4xx_HAL_Driver/Src/stm32f4xx_hal_rcc.o
LOAD ./Drivers/STM32F4xx_HAL_Driver/Src/stm32f4xx_hal_rcc_ex.o
LOAD ./Drivers/STM32F4xx_HAL_Driver/Src/stm32f4xx_hal_uart.o
START GROUP
LOAD d:/st/stm32cubeide_1.7.0/stm32cubeide/plugins/com.st.stm32cube.ide.mcu.externaltools.gnu-tools-for-stm32.10.3-2021.10.win32_1.0.0.202111181127/tools/bin/../lib/gcc/arm-none-eabi/10.3.1/../../../../arm-none-eabi/lib/thumb/v7e-m+fp/hard\libc_nano.a
LOAD d:/st/stm32cubeide_1.7.0/stm32cubeide/plugins/com.st.stm32cube.ide.mcu.externaltools.gnu-tools-for-stm32.10.3-2021.10.win32_1.0.0.202111181127/tools/bin/../lib/gcc/arm-none-eabi/10.3.1/../../../../arm-none-eabi/lib/thumb/v7e-m+fp/hard\libm.a
END GROUP
START GROUP
LOAD d:/st/stm32cubeide_1.7.0/stm32cubeide/plugins/com.st.stm32cube.ide.mcu.externaltools.gnu-tools-for-stm32.10.3-2021.10.win32_1.0.0.202111181127/tools/bin/../lib/gcc/arm-none-eabi/10.3.1/thumb/v7e-m+fp/hard\libgcc.a
LOAD d:/st/stm32cubeide_1.7.0/stm32cubeide/plugins/com.st.stm32cube.ide.mcu.externaltools.gnu-tools-for-stm32.10.3-2021.10.win32_1.0.0.202111181127/tools/bin/../lib/gcc/arm-none-eabi/10.3.1/../../../../arm-none-eabi/lib/thumb/v7e-m+fp/hard\libc_nano.a
END GROUP
START GROUP
LOAD d:/st/stm32cubeide_1.7.0/stm32cubeide/plugins/com.st.stm32cube.ide.mcu.externaltools.gnu-tools-for-stm32.10.3-2021.10.win32_1.0.0.202111181127/tools/bin/../lib/gcc/arm-none-eabi/10.3.1/thumb/v7e-m+fp/hard\libgcc.a
LOAD d:/st/stm32cubeide_1.7.0/stm32cubeide/plugins/com.st.stm32cube.ide.mcu.externaltools.gnu-tools-for-stm32.10.3-2021.10.win32_1.0.0.202111181127/tools/bin/../lib/gcc/arm-none-eabi/10.3.1/../../../../arm-none-eabi/lib/thumb/v7e-m+fp/hard\libc_nano.a
LOAD d:/st/stm32cubeide_1.7.0/stm32cubeide/plugins/com.st.stm32cube.ide.mcu.externaltools.gnu-tools-for-stm32.10.3-2021.10.win32_1.0.0.202111181127/tools/bin/../lib/gcc/arm-none-eabi/10.3.1/../../../../arm-none-eabi/lib/thumb/v7e-m+fp/hard\libnosys.a
END GROUP
START GROUP
LOAD d:/st/stm32cubeide_1.7.0/stm32cubeide/plugins/com.st.stm32cube.ide.mcu.externaltools.gnu-tools-for-stm32.10.3-2021.10.win32_1.0.0.202111181127/tools/bin/../lib/gcc/arm-none-eabi/10.3.1/thumb/v7e-m+fp/hard\libgcc.a
LOAD d:/st/stm32cubeide_1.7.0/stm32cubeide/plugins/com.st.stm32cube.ide.mcu.externaltools.gnu-tools-for-stm32.10.3-2021.10.win32_1.0.0.202111181127/tools/bin/../lib/gcc/arm-none-eabi/10.3.1/../../../../arm-none-eabi/lib/thumb/v7e-m+fp/hard\libc_nano.a
LOAD d:/st/stm32cubeide_1.7.0/stm32cubeide/plugins/com.st.stm32cube.ide.mcu.externaltools.gnu-tools-for-stm32.10.3-2021.10.win32_1.0.0.202111181127/tools/bin/../lib/gcc/arm-none-eabi/10.3.1/../../../../arm-none-eabi/lib/thumb/v7e-m+fp/hard\libnosys.a
END GROUP
LOAD d:/st/stm32cubeide_1.7.0/stm32cubeide/plugins/com.st.stm32cube.ide.mcu.externaltools.gnu-tools-for-stm32.10.3-2021.10.win32_1.0.0.202111181127/tools/bin/../lib/gcc/arm-none-eabi/10.3.1/thumb/v7e-m+fp/hard/crtend.o
LOAD d:/st/stm32cubeide_1.7.0/stm32cubeide/plugins/com.st.stm32cube.ide.mcu.externaltools.gnu-tools-for-stm32.10.3-2021.10.win32_1.0.0.202111181127/tools/bin/../lib/gcc/arm-none-eabi/10.3.1/thumb/v7e-m+fp/hard/crtn.o
                0x0000000020020000                _estack = (ORIGIN (RAM) + LENGTH (RAM))
                0x0000000000000200                _Min_Heap_Size = 0x200
                0x0000000000000400                _Min_Stack_Size = 0x400

.isr_vector     0x0000000008000000      0x188
                0x0000000008000000                . = ALIGN (0x4)
 *(.isr_vector)
 .isr_vector    0x0000000008000000      0x188 ./Core/Startup/startup_stm32f407zgtx.o
                0x0000000008000000                g_pfnVectors
                0x0000000008000188                . = ALIGN (0x4)

.text           0x0000000008000190     0x48a8
                0x0000000008000190                . = ALIGN (0x4)
 *(.text)
 .text          0x0000000008000190       0x40 d:/st/stm32cubeide_1.7.0/stm32cubeide/plugins/com.st.stm32cube.ide.mcu.externaltools.gnu-tools-for-stm32.10.3-2021.10.win32_1.0.0.202111181127/tools/bin/../lib/gcc/arm-none-eabi/10.3.1/thumb/v7e-m+fp/hard/crtbegin.o
 .text          0x00000000080001d0       0xa0 d:/st/stm32cubeide_1.7.0/stm32cubeide/plugins/com.st.stm32cube.ide.mcu.externaltools.gnu-tools-for-stm32.10.3-2021.10.win32_1.0.0.202111181127/tools/bin/../lib/gcc/arm-none-eabi/10.3.1/../../../../arm-none-eabi/lib/thumb/v7e-m+fp/hard\libc_nano.a(lib_a-memchr.o)
                0x00000000080001d0                memchr
 .text          0x0000000008000270       0x30 d:/st/stm32cubeide_1.7.0/stm32cubeide/plugins/com.st.stm32cube.ide.mcu.externaltools.gnu-tools-for-stm32.10.3-2021.10.win32_1.0.0.202111181127/tools/bin/../lib/gcc/arm-none-eabi/10.3.1/thumb/v7e-m+fp/hard\libgcc.a(_aeabi_uldivmod.o)
                0x0000000008000270                __aeabi_uldivmod
 .text          0x00000000080002a0      0x2d0 d:/st/stm32cubeide_1.7.0/stm32cubeide/plugins/com.st.stm32cube.ide.mcu.externaltools.gnu-tools-for-stm32.10.3-2021.10.win32_1.0.0.202111181127/tools/bin/../lib/gcc/arm-none-eabi/10.3.1/thumb/v7e-m+fp/hard\libgcc.a(_udivmoddi4.o)
                0x00000000080002a0                __udivmoddi4
 .text          0x0000000008000570        0x4 d:/st/stm32cubeide_1.7.0/stm32cubeide/plugins/com.st.stm32cube.ide.mcu.externaltools.gnu-tools-for-stm32.10.3-2021.10.win32_1.0.0.202111181127/tools/bin/../lib/gcc/arm-none-eabi/10.3.1/thumb/v7e-m+fp/hard\libgcc.a(_dvmd_tls.o)
                0x0000000008000570                __aeabi_idiv0
                0x0000000008000570                __aeabi_ldiv0
 *(.text*)
 .text.MX_DMA_Init
                0x0000000008000574       0x50 ./Core/Src/dma.o
                0x0000000008000574                MX_DMA_Init
 .text.MX_GPIO_Init
                0x00000000080005c4       0x50 ./Core/Src/gpio.o
                0x00000000080005c4                MX_GPIO_Init
 .text.main     0x0000000008000614       0x34 ./Core/Src/main.o
                0x0000000008000614                main
 .text.SystemClock_Config
                0x0000000008000648       0xd4 ./Core/Src/main.o
                0x0000000008000648                SystemClock_Config
 .text.Error_Handler
                0x000000000800071c        0xa ./Core/Src/main.o
                0x000000000800071c                Error_Handler
 *fill*         0x0000000008000726        0x2 
 .text.HAL_MspInit
                0x0000000008000728       0x50 ./Core/Src/stm32f4xx_hal_msp.o
                0x0000000008000728                HAL_MspInit
 .text.NMI_Handler
                0x0000000008000778        0x6 ./Core/Src/stm32f4xx_it.o
                0x0000000008000778                NMI_Handler
 .text.HardFault_Handler
                0x000000000800077e        0x6 ./Core/Src/stm32f4xx_it.o
                0x000000000800077e                HardFault_Handler
 .text.MemManage_Handler
                0x0000000008000784        0x6 ./Core/Src/stm32f4xx_it.o
                0x0000000008000784                MemManage_Handler
 .text.BusFault_Handler
                0x000000000800078a        0x6 ./Core/Src/stm32f4xx_it.o
                0x000000000800078a                BusFault_Handler
 .text.UsageFault_Handler
                0x0000000008000790        0x6 ./Core/Src/stm32f4xx_it.o
                0x0000000008000790                UsageFault_Handler
 .text.SVC_Handler
                0x0000000008000796        0xe ./Core/Src/stm32f4xx_it.o
                0x0000000008000796                SVC_Handler
 .text.DebugMon_Handler
                0x00000000080007a4        0xe ./Core/Src/stm32f4xx_it.o
                0x00000000080007a4                DebugMon_Handler
 .text.PendSV_Handler
                0x00000000080007b2        0xe ./Core/Src/stm32f4xx_it.o
                0x00000000080007b2                PendSV_Handler
 .text.SysTick_Handler
                0x00000000080007c0        0xc ./Core/Src/stm32f4xx_it.o
                0x00000000080007c0                SysTick_Handler
 .text.DMA2_Stream1_IRQHandler
                0x00000000080007cc       0x14 ./Core/Src/stm32f4xx_it.o
                0x00000000080007cc                DMA2_Stream1_IRQHandler
 .text.DMA2_Stream6_IRQHandler
                0x00000000080007e0       0x14 ./Core/Src/stm32f4xx_it.o
                0x00000000080007e0                DMA2_Stream6_IRQHandler
 .text.USART6_IRQHandler
                0x00000000080007f4       0x14 ./Core/Src/stm32f4xx_it.o
                0x00000000080007f4                USART6_IRQHandler
 .text._read    0x0000000008000808       0x3a ./Core/Src/syscalls.o
                0x0000000008000808                _read
 .text._write   0x0000000008000842       0x38 ./Core/Src/syscalls.o
                0x0000000008000842                _write
 .text._close   0x000000000800087a       0x18 ./Core/Src/syscalls.o
                0x000000000800087a                _close
 .text._fstat   0x0000000008000892       0x20 ./Core/Src/syscalls.o
                0x0000000008000892                _fstat
 .text._isatty  0x00000000080008b2       0x16 ./Core/Src/syscalls.o
                0x00000000080008b2                _isatty
 .text._lseek   0x00000000080008c8       0x1a ./Core/Src/syscalls.o
                0x00000000080008c8                _lseek
 *fill*         0x00000000080008e2        0x2 
 .text._sbrk    0x00000000080008e4       0x6c ./Core/Src/sysmem.o
                0x00000000080008e4                _sbrk
 .text.SystemInit
                0x0000000008000950       0x24 ./Core/Src/system_stm32f4xx.o
                0x0000000008000950                SystemInit
 .text.MX_USART6_UART_Init
                0x0000000008000974       0x54 ./Core/Src/usart.o
                0x0000000008000974                MX_USART6_UART_Init
 .text.HAL_UART_MspInit
                0x00000000080009c8      0x16c ./Core/Src/usart.o
                0x00000000080009c8                HAL_UART_MspInit
 .text.Reset_Handler
                0x0000000008000b34       0x50 ./Core/Startup/startup_stm32f407zgtx.o
                0x0000000008000b34                Reset_Handler
 .text.Default_Handler
                0x0000000008000b84        0x2 ./Core/Startup/startup_stm32f407zgtx.o
                0x0000000008000b84                RTC_Alarm_IRQHandler
                0x0000000008000b84                HASH_RNG_IRQHandler
                0x0000000008000b84                EXTI2_IRQHandler
                0x0000000008000b84                TIM8_CC_IRQHandler
                0x0000000008000b84                TIM1_CC_IRQHandler
                0x0000000008000b84                DMA2_Stream5_IRQHandler
                0x0000000008000b84                DMA1_Stream5_IRQHandler
                0x0000000008000b84                PVD_IRQHandler
                0x0000000008000b84                SDIO_IRQHandler
                0x0000000008000b84                TAMP_STAMP_IRQHandler
                0x0000000008000b84                CAN2_RX1_IRQHandler
                0x0000000008000b84                EXTI3_IRQHandler
                0x0000000008000b84                TIM8_TRG_COM_TIM14_IRQHandler
                0x0000000008000b84                TIM1_UP_TIM10_IRQHandler
                0x0000000008000b84                TIM8_UP_TIM13_IRQHandler
                0x0000000008000b84                I2C3_ER_IRQHandler
                0x0000000008000b84                EXTI0_IRQHandler
                0x0000000008000b84                I2C2_EV_IRQHandler
                0x0000000008000b84                DMA1_Stream2_IRQHandler
                0x0000000008000b84                CAN1_RX0_IRQHandler
                0x0000000008000b84                FPU_IRQHandler
                0x0000000008000b84                OTG_HS_WKUP_IRQHandler
                0x0000000008000b84                CAN2_SCE_IRQHandler
                0x0000000008000b84                DMA2_Stream2_IRQHandler
                0x0000000008000b84                SPI1_IRQHandler
                0x0000000008000b84                TIM6_DAC_IRQHandler
                0x0000000008000b84                TIM1_BRK_TIM9_IRQHandler
                0x0000000008000b84                DCMI_IRQHandler
                0x0000000008000b84                CAN2_RX0_IRQHandler
                0x0000000008000b84                DMA2_Stream3_IRQHandler
                0x0000000008000b84                USART3_IRQHandler
                0x0000000008000b84                CAN1_RX1_IRQHandler
                0x0000000008000b84                UART5_IRQHandler
                0x0000000008000b84                DMA2_Stream0_IRQHandler
                0x0000000008000b84                TIM4_IRQHandler
                0x0000000008000b84                I2C1_EV_IRQHandler
                0x0000000008000b84                DMA1_Stream6_IRQHandler
                0x0000000008000b84                DMA1_Stream1_IRQHandler
                0x0000000008000b84                UART4_IRQHandler
                0x0000000008000b84                TIM3_IRQHandler
                0x0000000008000b84                RCC_IRQHandler
                0x0000000008000b84                TIM8_BRK_TIM12_IRQHandler
                0x0000000008000b84                Default_Handler
                0x0000000008000b84                EXTI15_10_IRQHandler
                0x0000000008000b84                ADC_IRQHandler
                0x0000000008000b84                DMA1_Stream7_IRQHandler
                0x0000000008000b84                TIM7_IRQHandler
                0x0000000008000b84                CAN2_TX_IRQHandler
                0x0000000008000b84                TIM5_IRQHandler
                0x0000000008000b84                DMA2_Stream7_IRQHandler
                0x0000000008000b84                I2C3_EV_IRQHandler
                0x0000000008000b84                EXTI9_5_IRQHandler
                0x0000000008000b84                RTC_WKUP_IRQHandler
                0x0000000008000b84                ETH_WKUP_IRQHandler
                0x0000000008000b84                SPI2_IRQHandler
                0x0000000008000b84                OTG_HS_EP1_IN_IRQHandler
                0x0000000008000b84                DMA1_Stream0_IRQHandler
                0x0000000008000b84                CAN1_TX_IRQHandler
                0x0000000008000b84                EXTI4_IRQHandler
                0x0000000008000b84                FSMC_IRQHandler
                0x0000000008000b84                ETH_IRQHandler
                0x0000000008000b84                OTG_HS_EP1_OUT_IRQHandler
                0x0000000008000b84                WWDG_IRQHandler
                0x0000000008000b84                TIM2_IRQHandler
                0x0000000008000b84                OTG_FS_WKUP_IRQHandler
                0x0000000008000b84                TIM1_TRG_COM_TIM11_IRQHandler
                0x0000000008000b84                OTG_HS_IRQHandler
                0x0000000008000b84                EXTI1_IRQHandler
                0x0000000008000b84                USART2_IRQHandler
                0x0000000008000b84                I2C2_ER_IRQHandler
                0x0000000008000b84                CAN1_SCE_IRQHandler
                0x0000000008000b84                FLASH_IRQHandler
                0x0000000008000b84                DMA2_Stream4_IRQHandler
                0x0000000008000b84                USART1_IRQHandler
                0x0000000008000b84                OTG_FS_IRQHandler
                0x0000000008000b84                SPI3_IRQHandler
                0x0000000008000b84                DMA1_Stream4_IRQHandler
                0x0000000008000b84                I2C1_ER_IRQHandler
                0x0000000008000b84                DMA1_Stream3_IRQHandler
 *fill*         0x0000000008000b86        0x2 
 .text.__io_putchar
                0x0000000008000b88       0x24 ./Drivers/ESP8266/esp8266.o
                0x0000000008000b88                __io_putchar
 .text.Respones
                0x0000000008000bac       0x72 ./Drivers/ESP8266/esp8266.o
                0x0000000008000bac                Respones
 *fill*         0x0000000008000c1e        0x2 
 .text.HAL_UARTEx_RxEventCallback
                0x0000000008000c20       0x60 ./Drivers/ESP8266/esp8266.o
                0x0000000008000c20                HAL_UARTEx_RxEventCallback
 .text.sendCmd  0x0000000008000c80       0x54 ./Drivers/ESP8266/esp8266.o
                0x0000000008000c80                sendCmd
 .text.sendNoAck
                0x0000000008000cd4       0x24 ./Drivers/ESP8266/esp8266.o
                0x0000000008000cd4                sendNoAck
 .text.ESP8266_STA_init
                0x0000000008000cf8       0x84 ./Drivers/ESP8266/esp8266.o
                0x0000000008000cf8                ESP8266_STA_init
 .text.HAL_Init
                0x0000000008000d7c       0x44 ./Drivers/STM32F4xx_HAL_Driver/Src/stm32f4xx_hal.o
                0x0000000008000d7c                HAL_Init
 .text.HAL_InitTick
                0x0000000008000dc0       0x60 ./Drivers/STM32F4xx_HAL_Driver/Src/stm32f4xx_hal.o
                0x0000000008000dc0                HAL_InitTick
 .text.HAL_IncTick
                0x0000000008000e20       0x28 ./Drivers/STM32F4xx_HAL_Driver/Src/stm32f4xx_hal.o
                0x0000000008000e20                HAL_IncTick
 .text.HAL_GetTick
                0x0000000008000e48       0x18 ./Drivers/STM32F4xx_HAL_Driver/Src/stm32f4xx_hal.o
                0x0000000008000e48                HAL_GetTick
 .text.HAL_Delay
                0x0000000008000e60       0x48 ./Drivers/STM32F4xx_HAL_Driver/Src/stm32f4xx_hal.o
                0x0000000008000e60                HAL_Delay
 .text.__NVIC_SetPriorityGrouping
                0x0000000008000ea8       0x48 ./Drivers/STM32F4xx_HAL_Driver/Src/stm32f4xx_hal_cortex.o
 .text.__NVIC_GetPriorityGrouping
                0x0000000008000ef0       0x1c ./Drivers/STM32F4xx_HAL_Driver/Src/stm32f4xx_hal_cortex.o
 .text.__NVIC_EnableIRQ
                0x0000000008000f0c       0x3c ./Drivers/STM32F4xx_HAL_Driver/Src/stm32f4xx_hal_cortex.o
 .text.__NVIC_SetPriority
                0x0000000008000f48       0x54 ./Drivers/STM32F4xx_HAL_Driver/Src/stm32f4xx_hal_cortex.o
 .text.NVIC_EncodePriority
                0x0000000008000f9c       0x66 ./Drivers/STM32F4xx_HAL_Driver/Src/stm32f4xx_hal_cortex.o
 *fill*         0x0000000008001002        0x2 
 .text.SysTick_Config
                0x0000000008001004       0x44 ./Drivers/STM32F4xx_HAL_Driver/Src/stm32f4xx_hal_cortex.o
 .text.HAL_NVIC_SetPriorityGrouping
                0x0000000008001048       0x16 ./Drivers/STM32F4xx_HAL_Driver/Src/stm32f4xx_hal_cortex.o
                0x0000000008001048                HAL_NVIC_SetPriorityGrouping
 .text.HAL_NVIC_SetPriority
                0x000000000800105e       0x38 ./Drivers/STM32F4xx_HAL_Driver/Src/stm32f4xx_hal_cortex.o
                0x000000000800105e                HAL_NVIC_SetPriority
 .text.HAL_NVIC_EnableIRQ
                0x0000000008001096       0x1c ./Drivers/STM32F4xx_HAL_Driver/Src/stm32f4xx_hal_cortex.o
                0x0000000008001096                HAL_NVIC_EnableIRQ
 .text.HAL_SYSTICK_Config
                0x00000000080010b2       0x18 ./Drivers/STM32F4xx_HAL_Driver/Src/stm32f4xx_hal_cortex.o
                0x00000000080010b2                HAL_SYSTICK_Config
 *fill*         0x00000000080010ca        0x2 
 .text.HAL_DMA_Init
                0x00000000080010cc      0x15c ./Drivers/STM32F4xx_HAL_Driver/Src/stm32f4xx_hal_dma.o
                0x00000000080010cc                HAL_DMA_Init
 .text.HAL_DMA_Start_IT
                0x0000000008001228       0xb0 ./Drivers/STM32F4xx_HAL_Driver/Src/stm32f4xx_hal_dma.o
                0x0000000008001228                HAL_DMA_Start_IT
 .text.HAL_DMA_Abort
                0x00000000080012d8       0xe0 ./Drivers/STM32F4xx_HAL_Driver/Src/stm32f4xx_hal_dma.o
                0x00000000080012d8                HAL_DMA_Abort
 .text.HAL_DMA_Abort_IT
                0x00000000080013b8       0x44 ./Drivers/STM32F4xx_HAL_Driver/Src/stm32f4xx_hal_dma.o
                0x00000000080013b8                HAL_DMA_Abort_IT
 .text.HAL_DMA_IRQHandler
                0x00000000080013fc      0x314 ./Drivers/STM32F4xx_HAL_Driver/Src/stm32f4xx_hal_dma.o
                0x00000000080013fc                HAL_DMA_IRQHandler
 .text.DMA_SetConfig
                0x0000000008001710       0x5c ./Drivers/STM32F4xx_HAL_Driver/Src/stm32f4xx_hal_dma.o
 .text.DMA_CalcBaseAndBitshift
                0x000000000800176c       0x6c ./Drivers/STM32F4xx_HAL_Driver/Src/stm32f4xx_hal_dma.o
 .text.DMA_CheckFifoParam
                0x00000000080017d8       0xf8 ./Drivers/STM32F4xx_HAL_Driver/Src/stm32f4xx_hal_dma.o
 .text.HAL_GPIO_Init
                0x00000000080018d0      0x338 ./Drivers/STM32F4xx_HAL_Driver/Src/stm32f4xx_hal_gpio.o
                0x00000000080018d0                HAL_GPIO_Init
 .text.HAL_RCC_OscConfig
                0x0000000008001c08      0x4f0 ./Drivers/STM32F4xx_HAL_Driver/Src/stm32f4xx_hal_rcc.o
                0x0000000008001c08                HAL_RCC_OscConfig
 .text.HAL_RCC_ClockConfig
                0x00000000080020f8      0x1cc ./Drivers/STM32F4xx_HAL_Driver/Src/stm32f4xx_hal_rcc.o
                0x00000000080020f8                HAL_RCC_ClockConfig
 .text.HAL_RCC_GetSysClockFreq
                0x00000000080022c4      0x20c ./Drivers/STM32F4xx_HAL_Driver/Src/stm32f4xx_hal_rcc.o
                0x00000000080022c4                HAL_RCC_GetSysClockFreq
 .text.HAL_RCC_GetHCLKFreq
                0x00000000080024d0       0x18 ./Drivers/STM32F4xx_HAL_Driver/Src/stm32f4xx_hal_rcc.o
                0x00000000080024d0                HAL_RCC_GetHCLKFreq
 .text.HAL_RCC_GetPCLK1Freq
                0x00000000080024e8       0x28 ./Drivers/STM32F4xx_HAL_Driver/Src/stm32f4xx_hal_rcc.o
                0x00000000080024e8                HAL_RCC_GetPCLK1Freq
 .text.HAL_RCC_GetPCLK2Freq
                0x0000000008002510       0x28 ./Drivers/STM32F4xx_HAL_Driver/Src/stm32f4xx_hal_rcc.o
                0x0000000008002510                HAL_RCC_GetPCLK2Freq
 .text.HAL_UART_Init
                0x0000000008002538       0x9a ./Drivers/STM32F4xx_HAL_Driver/Src/stm32f4xx_hal_uart.o
                0x0000000008002538                HAL_UART_Init
 .text.HAL_UART_Transmit
                0x00000000080025d2      0x124 ./Drivers/STM32F4xx_HAL_Driver/Src/stm32f4xx_hal_uart.o
                0x00000000080025d2                HAL_UART_Transmit
 .text.HAL_UART_DMAStop
                0x00000000080026f6       0xfe ./Drivers/STM32F4xx_HAL_Driver/Src/stm32f4xx_hal_uart.o
                0x00000000080026f6                HAL_UART_DMAStop
 .text.HAL_UARTEx_ReceiveToIdle_DMA
                0x00000000080027f4       0xca ./Drivers/STM32F4xx_HAL_Driver/Src/stm32f4xx_hal_uart.o
                0x00000000080027f4                HAL_UARTEx_ReceiveToIdle_DMA
 *fill*         0x00000000080028be        0x2 
 .text.HAL_UART_IRQHandler
                0x00000000080028c0      0x51c ./Drivers/STM32F4xx_HAL_Driver/Src/stm32f4xx_hal_uart.o
                0x00000000080028c0                HAL_UART_IRQHandler
 .text.HAL_UART_TxCpltCallback
                0x0000000008002ddc       0x14 ./Drivers/STM32F4xx_HAL_Driver/Src/stm32f4xx_hal_uart.o
                0x0000000008002ddc                HAL_UART_TxCpltCallback
 .text.HAL_UART_RxCpltCallback
                0x0000000008002df0       0x14 ./Drivers/STM32F4xx_HAL_Driver/Src/stm32f4xx_hal_uart.o
                0x0000000008002df0                HAL_UART_RxCpltCallback
 .text.HAL_UART_RxHalfCpltCallback
                0x0000000008002e04       0x14 ./Drivers/STM32F4xx_HAL_Driver/Src/stm32f4xx_hal_uart.o
                0x0000000008002e04                HAL_UART_RxHalfCpltCallback
 .text.HAL_UART_ErrorCallback
                0x0000000008002e18       0x14 ./Drivers/STM32F4xx_HAL_Driver/Src/stm32f4xx_hal_uart.o
                0x0000000008002e18                HAL_UART_ErrorCallback
 .text.UART_DMAReceiveCplt
                0x0000000008002e2c      0x126 ./Drivers/STM32F4xx_HAL_Driver/Src/stm32f4xx_hal_uart.o
 .text.UART_DMARxHalfCplt
                0x0000000008002f52       0x36 ./Drivers/STM32F4xx_HAL_Driver/Src/stm32f4xx_hal_uart.o
 .text.UART_DMAError
                0x0000000008002f88       0x94 ./Drivers/STM32F4xx_HAL_Driver/Src/stm32f4xx_hal_uart.o
 .text.UART_WaitOnFlagUntilTimeout
                0x000000000800301c       0xdc ./Drivers/STM32F4xx_HAL_Driver/Src/stm32f4xx_hal_uart.o
 .text.UART_Start_Receive_DMA
                0x00000000080030f8      0x13c ./Drivers/STM32F4xx_HAL_Driver/Src/stm32f4xx_hal_uart.o
                0x00000000080030f8                UART_Start_Receive_DMA
 .text.UART_EndTxTransfer
                0x0000000008003234       0x50 ./Drivers/STM32F4xx_HAL_Driver/Src/stm32f4xx_hal_uart.o
 .text.UART_EndRxTransfer
                0x0000000008003284       0xc6 ./Drivers/STM32F4xx_HAL_Driver/Src/stm32f4xx_hal_uart.o
 .text.UART_DMAAbortOnError
                0x000000000800334a       0x28 ./Drivers/STM32F4xx_HAL_Driver/Src/stm32f4xx_hal_uart.o
 .text.UART_Transmit_IT
                0x0000000008003372       0xa0 ./Drivers/STM32F4xx_HAL_Driver/Src/stm32f4xx_hal_uart.o
 .text.UART_EndTransmit_IT
                0x0000000008003412       0x30 ./Drivers/STM32F4xx_HAL_Driver/Src/stm32f4xx_hal_uart.o
 .text.UART_Receive_IT
                0x0000000008003442      0x176 ./Drivers/STM32F4xx_HAL_Driver/Src/stm32f4xx_hal_uart.o
 .text.UART_SetConfig
                0x00000000080035b8      0x4e8 ./Drivers/STM32F4xx_HAL_Driver/Src/stm32f4xx_hal_uart.o
 .text.__errno  0x0000000008003aa0        0xc d:/st/stm32cubeide_1.7.0/stm32cubeide/plugins/com.st.stm32cube.ide.mcu.externaltools.gnu-tools-for-stm32.10.3-2021.10.win32_1.0.0.202111181127/tools/bin/../lib/gcc/arm-none-eabi/10.3.1/../../../../arm-none-eabi/lib/thumb/v7e-m+fp/hard\libc_nano.a(lib_a-errno.o)
                0x0000000008003aa0                __errno
 .text.__libc_init_array
                0x0000000008003aac       0x48 d:/st/stm32cubeide_1.7.0/stm32cubeide/plugins/com.st.stm32cube.ide.mcu.externaltools.gnu-tools-for-stm32.10.3-2021.10.win32_1.0.0.202111181127/tools/bin/../lib/gcc/arm-none-eabi/10.3.1/../../../../arm-none-eabi/lib/thumb/v7e-m+fp/hard\libc_nano.a(lib_a-init.o)
                0x0000000008003aac                __libc_init_array
 .text.memset   0x0000000008003af4       0x10 d:/st/stm32cubeide_1.7.0/stm32cubeide/plugins/com.st.stm32cube.ide.mcu.externaltools.gnu-tools-for-stm32.10.3-2021.10.win32_1.0.0.202111181127/tools/bin/../lib/gcc/arm-none-eabi/10.3.1/../../../../arm-none-eabi/lib/thumb/v7e-m+fp/hard\libc_nano.a(lib_a-memset.o)
                0x0000000008003af4                memset
 .text.printf   0x0000000008003b04       0x30 d:/st/stm32cubeide_1.7.0/stm32cubeide/plugins/com.st.stm32cube.ide.mcu.externaltools.gnu-tools-for-stm32.10.3-2021.10.win32_1.0.0.202111181127/tools/bin/../lib/gcc/arm-none-eabi/10.3.1/../../../../arm-none-eabi/lib/thumb/v7e-m+fp/hard\libc_nano.a(lib_a-printf.o)
                0x0000000008003b04                iprintf
                0x0000000008003b04                printf
 .text.std      0x0000000008003b34       0x48 d:/st/stm32cubeide_1.7.0/stm32cubeide/plugins/com.st.stm32cube.ide.mcu.externaltools.gnu-tools-for-stm32.10.3-2021.10.win32_1.0.0.202111181127/tools/bin/../lib/gcc/arm-none-eabi/10.3.1/../../../../arm-none-eabi/lib/thumb/v7e-m+fp/hard\libc_nano.a(lib_a-findfp.o)
 .text._cleanup_r
                0x0000000008003b7c        0xc d:/st/stm32cubeide_1.7.0/stm32cubeide/plugins/com.st.stm32cube.ide.mcu.externaltools.gnu-tools-for-stm32.10.3-2021.10.win32_1.0.0.202111181127/tools/bin/../lib/gcc/arm-none-eabi/10.3.1/../../../../arm-none-eabi/lib/thumb/v7e-m+fp/hard\libc_nano.a(lib_a-findfp.o)
                0x0000000008003b7c                _cleanup_r
 .text.__sfmoreglue
                0x0000000008003b88       0x2c d:/st/stm32cubeide_1.7.0/stm32cubeide/plugins/com.st.stm32cube.ide.mcu.externaltools.gnu-tools-for-stm32.10.3-2021.10.win32_1.0.0.202111181127/tools/bin/../lib/gcc/arm-none-eabi/10.3.1/../../../../arm-none-eabi/lib/thumb/v7e-m+fp/hard\libc_nano.a(lib_a-findfp.o)
                0x0000000008003b88                __sfmoreglue
 .text.__sfp_lock_acquire
                0x0000000008003bb4        0xc d:/st/stm32cubeide_1.7.0/stm32cubeide/plugins/com.st.stm32cube.ide.mcu.externaltools.gnu-tools-for-stm32.10.3-2021.10.win32_1.0.0.202111181127/tools/bin/../lib/gcc/arm-none-eabi/10.3.1/../../../../arm-none-eabi/lib/thumb/v7e-m+fp/hard\libc_nano.a(lib_a-findfp.o)
                0x0000000008003bb4                __sfp_lock_acquire
 .text.__sfp_lock_release
                0x0000000008003bc0        0xc d:/st/stm32cubeide_1.7.0/stm32cubeide/plugins/com.st.stm32cube.ide.mcu.externaltools.gnu-tools-for-stm32.10.3-2021.10.win32_1.0.0.202111181127/tools/bin/../lib/gcc/arm-none-eabi/10.3.1/../../../../arm-none-eabi/lib/thumb/v7e-m+fp/hard\libc_nano.a(lib_a-findfp.o)
                0x0000000008003bc0                __sfp_lock_release
 .text.__sinit_lock_acquire
                0x0000000008003bcc        0xc d:/st/stm32cubeide_1.7.0/stm32cubeide/plugins/com.st.stm32cube.ide.mcu.externaltools.gnu-tools-for-stm32.10.3-2021.10.win32_1.0.0.202111181127/tools/bin/../lib/gcc/arm-none-eabi/10.3.1/../../../../arm-none-eabi/lib/thumb/v7e-m+fp/hard\libc_nano.a(lib_a-findfp.o)
                0x0000000008003bcc                __sinit_lock_acquire
 .text.__sinit_lock_release
                0x0000000008003bd8        0xc d:/st/stm32cubeide_1.7.0/stm32cubeide/plugins/com.st.stm32cube.ide.mcu.externaltools.gnu-tools-for-stm32.10.3-2021.10.win32_1.0.0.202111181127/tools/bin/../lib/gcc/arm-none-eabi/10.3.1/../../../../arm-none-eabi/lib/thumb/v7e-m+fp/hard\libc_nano.a(lib_a-findfp.o)
                0x0000000008003bd8                __sinit_lock_release
 .text.__sinit  0x0000000008003be4       0x70 d:/st/stm32cubeide_1.7.0/stm32cubeide/plugins/com.st.stm32cube.ide.mcu.externaltools.gnu-tools-for-stm32.10.3-2021.10.win32_1.0.0.202111181127/tools/bin/../lib/gcc/arm-none-eabi/10.3.1/../../../../arm-none-eabi/lib/thumb/v7e-m+fp/hard\libc_nano.a(lib_a-findfp.o)
                0x0000000008003be4                __sinit
 .text.__sfp    0x0000000008003c54       0x8c d:/st/stm32cubeide_1.7.0/stm32cubeide/plugins/com.st.stm32cube.ide.mcu.externaltools.gnu-tools-for-stm32.10.3-2021.10.win32_1.0.0.202111181127/tools/bin/../lib/gcc/arm-none-eabi/10.3.1/../../../../arm-none-eabi/lib/thumb/v7e-m+fp/hard\libc_nano.a(lib_a-findfp.o)
                0x0000000008003c54                __sfp
 .text._fwalk_reent
                0x0000000008003ce0       0x3e d:/st/stm32cubeide_1.7.0/stm32cubeide/plugins/com.st.stm32cube.ide.mcu.externaltools.gnu-tools-for-stm32.10.3-2021.10.win32_1.0.0.202111181127/tools/bin/../lib/gcc/arm-none-eabi/10.3.1/../../../../arm-none-eabi/lib/thumb/v7e-m+fp/hard\libc_nano.a(lib_a-fwalk.o)
                0x0000000008003ce0                _fwalk_reent
 .text.__retarget_lock_init_recursive
                0x0000000008003d1e        0x2 d:/st/stm32cubeide_1.7.0/stm32cubeide/plugins/com.st.stm32cube.ide.mcu.externaltools.gnu-tools-for-stm32.10.3-2021.10.win32_1.0.0.202111181127/tools/bin/../lib/gcc/arm-none-eabi/10.3.1/../../../../arm-none-eabi/lib/thumb/v7e-m+fp/hard\libc_nano.a(lib_a-lock.o)
                0x0000000008003d1e                __retarget_lock_init_recursive
 .text.__retarget_lock_acquire_recursive
                0x0000000008003d20        0x2 d:/st/stm32cubeide_1.7.0/stm32cubeide/plugins/com.st.stm32cube.ide.mcu.externaltools.gnu-tools-for-stm32.10.3-2021.10.win32_1.0.0.202111181127/tools/bin/../lib/gcc/arm-none-eabi/10.3.1/../../../../arm-none-eabi/lib/thumb/v7e-m+fp/hard\libc_nano.a(lib_a-lock.o)
                0x0000000008003d20                __retarget_lock_acquire_recursive
 .text.__retarget_lock_release_recursive
                0x0000000008003d22        0x2 d:/st/stm32cubeide_1.7.0/stm32cubeide/plugins/com.st.stm32cube.ide.mcu.externaltools.gnu-tools-for-stm32.10.3-2021.10.win32_1.0.0.202111181127/tools/bin/../lib/gcc/arm-none-eabi/10.3.1/../../../../arm-none-eabi/lib/thumb/v7e-m+fp/hard\libc_nano.a(lib_a-lock.o)
                0x0000000008003d22                __retarget_lock_release_recursive
 .text.sbrk_aligned
                0x0000000008003d24       0x40 d:/st/stm32cubeide_1.7.0/stm32cubeide/plugins/com.st.stm32cube.ide.mcu.externaltools.gnu-tools-for-stm32.10.3-2021.10.win32_1.0.0.202111181127/tools/bin/../lib/gcc/arm-none-eabi/10.3.1/../../../../arm-none-eabi/lib/thumb/v7e-m+fp/hard\libc_nano.a(lib_a-nano-mallocr.o)
 .text._malloc_r
                0x0000000008003d64       0xe8 d:/st/stm32cubeide_1.7.0/stm32cubeide/plugins/com.st.stm32cube.ide.mcu.externaltools.gnu-tools-for-stm32.10.3-2021.10.win32_1.0.0.202111181127/tools/bin/../lib/gcc/arm-none-eabi/10.3.1/../../../../arm-none-eabi/lib/thumb/v7e-m+fp/hard\libc_nano.a(lib_a-nano-mallocr.o)
                0x0000000008003d64                _malloc_r
 .text.__sfputc_r
                0x0000000008003e4c       0x2e d:/st/stm32cubeide_1.7.0/stm32cubeide/plugins/com.st.stm32cube.ide.mcu.externaltools.gnu-tools-for-stm32.10.3-2021.10.win32_1.0.0.202111181127/tools/bin/../lib/gcc/arm-none-eabi/10.3.1/../../../../arm-none-eabi/lib/thumb/v7e-m+fp/hard\libc_nano.a(lib_a-nano-vfprintf.o)
 .text.__sfputs_r
                0x0000000008003e7a       0x24 d:/st/stm32cubeide_1.7.0/stm32cubeide/plugins/com.st.stm32cube.ide.mcu.externaltools.gnu-tools-for-stm32.10.3-2021.10.win32_1.0.0.202111181127/tools/bin/../lib/gcc/arm-none-eabi/10.3.1/../../../../arm-none-eabi/lib/thumb/v7e-m+fp/hard\libc_nano.a(lib_a-nano-vfprintf.o)
                0x0000000008003e7a                __sfputs_r
 *fill*         0x0000000008003e9e        0x2 
 .text._vfprintf_r
                0x0000000008003ea0      0x260 d:/st/stm32cubeide_1.7.0/stm32cubeide/plugins/com.st.stm32cube.ide.mcu.externaltools.gnu-tools-for-stm32.10.3-2021.10.win32_1.0.0.202111181127/tools/bin/../lib/gcc/arm-none-eabi/10.3.1/../../../../arm-none-eabi/lib/thumb/v7e-m+fp/hard\libc_nano.a(lib_a-nano-vfprintf.o)
                0x0000000008003ea0                _vfprintf_r
                0x0000000008003ea0                _vfiprintf_r
 .text._printf_common
                0x0000000008004100       0xda d:/st/stm32cubeide_1.7.0/stm32cubeide/plugins/com.st.stm32cube.ide.mcu.externaltools.gnu-tools-for-stm32.10.3-2021.10.win32_1.0.0.202111181127/tools/bin/../lib/gcc/arm-none-eabi/10.3.1/../../../../arm-none-eabi/lib/thumb/v7e-m+fp/hard\libc_nano.a(lib_a-nano-vfprintf_i.o)
                0x0000000008004100                _printf_common
 *fill*         0x00000000080041da        0x2 
 .text._printf_i
                0x00000000080041dc      0x24c d:/st/stm32cubeide_1.7.0/stm32cubeide/plugins/com.st.stm32cube.ide.mcu.externaltools.gnu-tools-for-stm32.10.3-2021.10.win32_1.0.0.202111181127/tools/bin/../lib/gcc/arm-none-eabi/10.3.1/../../../../arm-none-eabi/lib/thumb/v7e-m+fp/hard\libc_nano.a(lib_a-nano-vfprintf_i.o)
                0x00000000080041dc                _printf_i
 .text._sbrk_r  0x0000000008004428       0x20 d:/st/stm32cubeide_1.7.0/stm32cubeide/plugins/com.st.stm32cube.ide.mcu.externaltools.gnu-tools-for-stm32.10.3-2021.10.win32_1.0.0.202111181127/tools/bin/../lib/gcc/arm-none-eabi/10.3.1/../../../../arm-none-eabi/lib/thumb/v7e-m+fp/hard\libc_nano.a(lib_a-sbrkr.o)
                0x0000000008004428                _sbrk_r
 .text.__sread  0x0000000008004448       0x22 d:/st/stm32cubeide_1.7.0/stm32cubeide/plugins/com.st.stm32cube.ide.mcu.externaltools.gnu-tools-for-stm32.10.3-2021.10.win32_1.0.0.202111181127/tools/bin/../lib/gcc/arm-none-eabi/10.3.1/../../../../arm-none-eabi/lib/thumb/v7e-m+fp/hard\libc_nano.a(lib_a-stdio.o)
                0x0000000008004448                __sread
 .text.__swrite
                0x000000000800446a       0x38 d:/st/stm32cubeide_1.7.0/stm32cubeide/plugins/com.st.stm32cube.ide.mcu.externaltools.gnu-tools-for-stm32.10.3-2021.10.win32_1.0.0.202111181127/tools/bin/../lib/gcc/arm-none-eabi/10.3.1/../../../../arm-none-eabi/lib/thumb/v7e-m+fp/hard\libc_nano.a(lib_a-stdio.o)
                0x000000000800446a                __swrite
 .text.__sseek  0x00000000080044a2       0x24 d:/st/stm32cubeide_1.7.0/stm32cubeide/plugins/com.st.stm32cube.ide.mcu.externaltools.gnu-tools-for-stm32.10.3-2021.10.win32_1.0.0.202111181127/tools/bin/../lib/gcc/arm-none-eabi/10.3.1/../../../../arm-none-eabi/lib/thumb/v7e-m+fp/hard\libc_nano.a(lib_a-stdio.o)
                0x00000000080044a2                __sseek
 .text.__sclose
                0x00000000080044c6        0x8 d:/st/stm32cubeide_1.7.0/stm32cubeide/plugins/com.st.stm32cube.ide.mcu.externaltools.gnu-tools-for-stm32.10.3-2021.10.win32_1.0.0.202111181127/tools/bin/../lib/gcc/arm-none-eabi/10.3.1/../../../../arm-none-eabi/lib/thumb/v7e-m+fp/hard\libc_nano.a(lib_a-stdio.o)
                0x00000000080044c6                __sclose
 *fill*         0x00000000080044ce        0x2 
 .text.__swbuf_r
                0x00000000080044d0       0xa4 d:/st/stm32cubeide_1.7.0/stm32cubeide/plugins/com.st.stm32cube.ide.mcu.externaltools.gnu-tools-for-stm32.10.3-2021.10.win32_1.0.0.202111181127/tools/bin/../lib/gcc/arm-none-eabi/10.3.1/../../../../arm-none-eabi/lib/thumb/v7e-m+fp/hard\libc_nano.a(lib_a-wbuf.o)
                0x00000000080044d0                __swbuf_r
 .text._write_r
                0x0000000008004574       0x24 d:/st/stm32cubeide_1.7.0/stm32cubeide/plugins/com.st.stm32cube.ide.mcu.externaltools.gnu-tools-for-stm32.10.3-2021.10.win32_1.0.0.202111181127/tools/bin/../lib/gcc/arm-none-eabi/10.3.1/../../../../arm-none-eabi/lib/thumb/v7e-m+fp/hard\libc_nano.a(lib_a-writer.o)
                0x0000000008004574                _write_r
 .text.__swsetup_r
                0x0000000008004598       0xdc d:/st/stm32cubeide_1.7.0/stm32cubeide/plugins/com.st.stm32cube.ide.mcu.externaltools.gnu-tools-for-stm32.10.3-2021.10.win32_1.0.0.202111181127/tools/bin/../lib/gcc/arm-none-eabi/10.3.1/../../../../arm-none-eabi/lib/thumb/v7e-m+fp/hard\libc_nano.a(lib_a-wsetup.o)
                0x0000000008004598                __swsetup_r
 .text._close_r
                0x0000000008004674       0x20 d:/st/stm32cubeide_1.7.0/stm32cubeide/plugins/com.st.stm32cube.ide.mcu.externaltools.gnu-tools-for-stm32.10.3-2021.10.win32_1.0.0.202111181127/tools/bin/../lib/gcc/arm-none-eabi/10.3.1/../../../../arm-none-eabi/lib/thumb/v7e-m+fp/hard\libc_nano.a(lib_a-closer.o)
                0x0000000008004674                _close_r
 .text.__sflush_r
                0x0000000008004694      0x10c d:/st/stm32cubeide_1.7.0/stm32cubeide/plugins/com.st.stm32cube.ide.mcu.externaltools.gnu-tools-for-stm32.10.3-2021.10.win32_1.0.0.202111181127/tools/bin/../lib/gcc/arm-none-eabi/10.3.1/../../../../arm-none-eabi/lib/thumb/v7e-m+fp/hard\libc_nano.a(lib_a-fflush.o)
                0x0000000008004694                __sflush_r
 .text._fflush_r
                0x00000000080047a0       0x78 d:/st/stm32cubeide_1.7.0/stm32cubeide/plugins/com.st.stm32cube.ide.mcu.externaltools.gnu-tools-for-stm32.10.3-2021.10.win32_1.0.0.202111181127/tools/bin/../lib/gcc/arm-none-eabi/10.3.1/../../../../arm-none-eabi/lib/thumb/v7e-m+fp/hard\libc_nano.a(lib_a-fflush.o)
                0x00000000080047a0                _fflush_r
 .text._lseek_r
                0x0000000008004818       0x24 d:/st/stm32cubeide_1.7.0/stm32cubeide/plugins/com.st.stm32cube.ide.mcu.externaltools.gnu-tools-for-stm32.10.3-2021.10.win32_1.0.0.202111181127/tools/bin/../lib/gcc/arm-none-eabi/10.3.1/../../../../arm-none-eabi/lib/thumb/v7e-m+fp/hard\libc_nano.a(lib_a-lseekr.o)
                0x0000000008004818                _lseek_r
 .text.__swhatbuf_r
                0x000000000800483c       0x4a d:/st/stm32cubeide_1.7.0/stm32cubeide/plugins/com.st.stm32cube.ide.mcu.externaltools.gnu-tools-for-stm32.10.3-2021.10.win32_1.0.0.202111181127/tools/bin/../lib/gcc/arm-none-eabi/10.3.1/../../../../arm-none-eabi/lib/thumb/v7e-m+fp/hard\libc_nano.a(lib_a-makebuf.o)
                0x000000000800483c                __swhatbuf_r
 *fill*         0x0000000008004886        0x2 
 .text.__smakebuf_r
                0x0000000008004888       0x80 d:/st/stm32cubeide_1.7.0/stm32cubeide/plugins/com.st.stm32cube.ide.mcu.externaltools.gnu-tools-for-stm32.10.3-2021.10.win32_1.0.0.202111181127/tools/bin/../lib/gcc/arm-none-eabi/10.3.1/../../../../arm-none-eabi/lib/thumb/v7e-m+fp/hard\libc_nano.a(lib_a-makebuf.o)
                0x0000000008004888                __smakebuf_r
 .text.__malloc_lock
                0x0000000008004908        0xc d:/st/stm32cubeide_1.7.0/stm32cubeide/plugins/com.st.stm32cube.ide.mcu.externaltools.gnu-tools-for-stm32.10.3-2021.10.win32_1.0.0.202111181127/tools/bin/../lib/gcc/arm-none-eabi/10.3.1/../../../../arm-none-eabi/lib/thumb/v7e-m+fp/hard\libc_nano.a(lib_a-mlock.o)
                0x0000000008004908                __malloc_lock
 .text.__malloc_unlock
                0x0000000008004914        0xc d:/st/stm32cubeide_1.7.0/stm32cubeide/plugins/com.st.stm32cube.ide.mcu.externaltools.gnu-tools-for-stm32.10.3-2021.10.win32_1.0.0.202111181127/tools/bin/../lib/gcc/arm-none-eabi/10.3.1/../../../../arm-none-eabi/lib/thumb/v7e-m+fp/hard\libc_nano.a(lib_a-mlock.o)
                0x0000000008004914                __malloc_unlock
 .text._free_r  0x0000000008004920       0x98 d:/st/stm32cubeide_1.7.0/stm32cubeide/plugins/com.st.stm32cube.ide.mcu.externaltools.gnu-tools-for-stm32.10.3-2021.10.win32_1.0.0.202111181127/tools/bin/../lib/gcc/arm-none-eabi/10.3.1/../../../../arm-none-eabi/lib/thumb/v7e-m+fp/hard\libc_nano.a(lib_a-nano-freer.o)
                0x0000000008004920                _free_r
 .text._read_r  0x00000000080049b8       0x24 d:/st/stm32cubeide_1.7.0/stm32cubeide/plugins/com.st.stm32cube.ide.mcu.externaltools.gnu-tools-for-stm32.10.3-2021.10.win32_1.0.0.202111181127/tools/bin/../lib/gcc/arm-none-eabi/10.3.1/../../../../arm-none-eabi/lib/thumb/v7e-m+fp/hard\libc_nano.a(lib_a-readr.o)
                0x00000000080049b8                _read_r
 .text._fstat_r
                0x00000000080049dc       0x24 d:/st/stm32cubeide_1.7.0/stm32cubeide/plugins/com.st.stm32cube.ide.mcu.externaltools.gnu-tools-for-stm32.10.3-2021.10.win32_1.0.0.202111181127/tools/bin/../lib/gcc/arm-none-eabi/10.3.1/../../../../arm-none-eabi/lib/thumb/v7e-m+fp/hard\libc_nano.a(lib_a-fstatr.o)
                0x00000000080049dc                _fstat_r
 .text._isatty_r
                0x0000000008004a00       0x20 d:/st/stm32cubeide_1.7.0/stm32cubeide/plugins/com.st.stm32cube.ide.mcu.externaltools.gnu-tools-for-stm32.10.3-2021.10.win32_1.0.0.202111181127/tools/bin/../lib/gcc/arm-none-eabi/10.3.1/../../../../arm-none-eabi/lib/thumb/v7e-m+fp/hard\libc_nano.a(lib_a-isattyr.o)
                0x0000000008004a00                _isatty_r
 *(.glue_7)
 .glue_7        0x0000000008004a20        0x0 linker stubs
 *(.glue_7t)
 .glue_7t       0x0000000008004a20        0x0 linker stubs
 *(.eh_frame)
 .eh_frame      0x0000000008004a20        0x0 d:/st/stm32cubeide_1.7.0/stm32cubeide/plugins/com.st.stm32cube.ide.mcu.externaltools.gnu-tools-for-stm32.10.3-2021.10.win32_1.0.0.202111181127/tools/bin/../lib/gcc/arm-none-eabi/10.3.1/thumb/v7e-m+fp/hard/crtbegin.o
 *(.init)
 .init          0x0000000008004a20        0x4 d:/st/stm32cubeide_1.7.0/stm32cubeide/plugins/com.st.stm32cube.ide.mcu.externaltools.gnu-tools-for-stm32.10.3-2021.10.win32_1.0.0.202111181127/tools/bin/../lib/gcc/arm-none-eabi/10.3.1/thumb/v7e-m+fp/hard/crti.o
                0x0000000008004a20                _init
 .init          0x0000000008004a24        0x8 d:/st/stm32cubeide_1.7.0/stm32cubeide/plugins/com.st.stm32cube.ide.mcu.externaltools.gnu-tools-for-stm32.10.3-2021.10.win32_1.0.0.202111181127/tools/bin/../lib/gcc/arm-none-eabi/10.3.1/thumb/v7e-m+fp/hard/crtn.o
 *(.fini)
 .fini          0x0000000008004a2c        0x4 d:/st/stm32cubeide_1.7.0/stm32cubeide/plugins/com.st.stm32cube.ide.mcu.externaltools.gnu-tools-for-stm32.10.3-2021.10.win32_1.0.0.202111181127/tools/bin/../lib/gcc/arm-none-eabi/10.3.1/thumb/v7e-m+fp/hard/crti.o
                0x0000000008004a2c                _fini
 .fini          0x0000000008004a30        0x8 d:/st/stm32cubeide_1.7.0/stm32cubeide/plugins/com.st.stm32cube.ide.mcu.externaltools.gnu-tools-for-stm32.10.3-2021.10.win32_1.0.0.202111181127/tools/bin/../lib/gcc/arm-none-eabi/10.3.1/thumb/v7e-m+fp/hard/crtn.o
                0x0000000008004a38                . = ALIGN (0x4)
                0x0000000008004a38                _etext = .

.vfp11_veneer   0x0000000008004a38        0x0
 .vfp11_veneer  0x0000000008004a38        0x0 linker stubs

.v4_bx          0x0000000008004a38        0x0
 .v4_bx         0x0000000008004a38        0x0 linker stubs

.iplt           0x0000000008004a38        0x0
 .iplt          0x0000000008004a38        0x0 d:/st/stm32cubeide_1.7.0/stm32cubeide/plugins/com.st.stm32cube.ide.mcu.externaltools.gnu-tools-for-stm32.10.3-2021.10.win32_1.0.0.202111181127/tools/bin/../lib/gcc/arm-none-eabi/10.3.1/thumb/v7e-m+fp/hard/crtbegin.o

.rodata         0x0000000008004a38      0x158
                0x0000000008004a38                . = ALIGN (0x4)
 *(.rodata)
 .rodata        0x0000000008004a38       0x9f ./Drivers/ESP8266/esp8266.o
 *(.rodata*)
 *fill*         0x0000000008004ad7        0x1 
 .rodata.AHBPrescTable
                0x0000000008004ad8       0x10 ./Core/Src/system_stm32f4xx.o
                0x0000000008004ad8                AHBPrescTable
 .rodata.APBPrescTable
                0x0000000008004ae8        0x8 ./Core/Src/system_stm32f4xx.o
                0x0000000008004ae8                APBPrescTable
 .rodata.flagBitshiftOffset.0
                0x0000000008004af0        0x8 ./Drivers/STM32F4xx_HAL_Driver/Src/stm32f4xx_hal_dma.o
 .rodata._global_impure_ptr
                0x0000000008004af8        0x4 d:/st/stm32cubeide_1.7.0/stm32cubeide/plugins/com.st.stm32cube.ide.mcu.externaltools.gnu-tools-for-stm32.10.3-2021.10.win32_1.0.0.202111181127/tools/bin/../lib/gcc/arm-none-eabi/10.3.1/../../../../arm-none-eabi/lib/thumb/v7e-m+fp/hard\libc_nano.a(lib_a-impure.o)
                0x0000000008004af8                _global_impure_ptr
 .rodata.__sf_fake_stderr
                0x0000000008004afc       0x20 d:/st/stm32cubeide_1.7.0/stm32cubeide/plugins/com.st.stm32cube.ide.mcu.externaltools.gnu-tools-for-stm32.10.3-2021.10.win32_1.0.0.202111181127/tools/bin/../lib/gcc/arm-none-eabi/10.3.1/../../../../arm-none-eabi/lib/thumb/v7e-m+fp/hard\libc_nano.a(lib_a-findfp.o)
                0x0000000008004afc                __sf_fake_stderr
 .rodata.__sf_fake_stdin
                0x0000000008004b1c       0x20 d:/st/stm32cubeide_1.7.0/stm32cubeide/plugins/com.st.stm32cube.ide.mcu.externaltools.gnu-tools-for-stm32.10.3-2021.10.win32_1.0.0.202111181127/tools/bin/../lib/gcc/arm-none-eabi/10.3.1/../../../../arm-none-eabi/lib/thumb/v7e-m+fp/hard\libc_nano.a(lib_a-findfp.o)
                0x0000000008004b1c                __sf_fake_stdin
 .rodata.__sf_fake_stdout
                0x0000000008004b3c       0x20 d:/st/stm32cubeide_1.7.0/stm32cubeide/plugins/com.st.stm32cube.ide.mcu.externaltools.gnu-tools-for-stm32.10.3-2021.10.win32_1.0.0.202111181127/tools/bin/../lib/gcc/arm-none-eabi/10.3.1/../../../../arm-none-eabi/lib/thumb/v7e-m+fp/hard\libc_nano.a(lib_a-findfp.o)
                0x0000000008004b3c                __sf_fake_stdout
 .rodata._vfprintf_r.str1.1
                0x0000000008004b5c       0x11 d:/st/stm32cubeide_1.7.0/stm32cubeide/plugins/com.st.stm32cube.ide.mcu.externaltools.gnu-tools-for-stm32.10.3-2021.10.win32_1.0.0.202111181127/tools/bin/../lib/gcc/arm-none-eabi/10.3.1/../../../../arm-none-eabi/lib/thumb/v7e-m+fp/hard\libc_nano.a(lib_a-nano-vfprintf.o)
 .rodata._printf_i.str1.1
                0x0000000008004b6d       0x22 d:/st/stm32cubeide_1.7.0/stm32cubeide/plugins/com.st.stm32cube.ide.mcu.externaltools.gnu-tools-for-stm32.10.3-2021.10.win32_1.0.0.202111181127/tools/bin/../lib/gcc/arm-none-eabi/10.3.1/../../../../arm-none-eabi/lib/thumb/v7e-m+fp/hard\libc_nano.a(lib_a-nano-vfprintf_i.o)
                0x0000000008004b90                . = ALIGN (0x4)
 *fill*         0x0000000008004b8f        0x1 

.ARM.extab      0x0000000008004b90        0x0
                0x0000000008004b90                . = ALIGN (0x4)
 *(.ARM.extab* .gnu.linkonce.armextab.*)
                0x0000000008004b90                . = ALIGN (0x4)

.ARM            0x0000000008004b90        0x8
                0x0000000008004b90                . = ALIGN (0x4)
                0x0000000008004b90                __exidx_start = .
 *(.ARM.exidx*)
 .ARM.exidx     0x0000000008004b90        0x8 d:/st/stm32cubeide_1.7.0/stm32cubeide/plugins/com.st.stm32cube.ide.mcu.externaltools.gnu-tools-for-stm32.10.3-2021.10.win32_1.0.0.202111181127/tools/bin/../lib/gcc/arm-none-eabi/10.3.1/thumb/v7e-m+fp/hard\libgcc.a(_udivmoddi4.o)
                0x0000000008004b98                __exidx_end = .
                0x0000000008004b98                . = ALIGN (0x4)

.rel.dyn        0x0000000008004b98        0x0
 .rel.iplt      0x0000000008004b98        0x0 d:/st/stm32cubeide_1.7.0/stm32cubeide/plugins/com.st.stm32cube.ide.mcu.externaltools.gnu-tools-for-stm32.10.3-2021.10.win32_1.0.0.202111181127/tools/bin/../lib/gcc/arm-none-eabi/10.3.1/thumb/v7e-m+fp/hard/crtbegin.o

.preinit_array  0x0000000008004b98        0x0
                0x0000000008004b98                . = ALIGN (0x4)
                0x0000000008004b98                PROVIDE (__preinit_array_start = .)
 *(.preinit_array*)
                0x0000000008004b98                PROVIDE (__preinit_array_end = .)
                0x0000000008004b98                . = ALIGN (0x4)

.init_array     0x0000000008004b98        0x4
                0x0000000008004b98                . = ALIGN (0x4)
                0x0000000008004b98                PROVIDE (__init_array_start = .)
 *(SORT_BY_NAME(.init_array.*))
 *(.init_array*)
 .init_array    0x0000000008004b98        0x4 d:/st/stm32cubeide_1.7.0/stm32cubeide/plugins/com.st.stm32cube.ide.mcu.externaltools.gnu-tools-for-stm32.10.3-2021.10.win32_1.0.0.202111181127/tools/bin/../lib/gcc/arm-none-eabi/10.3.1/thumb/v7e-m+fp/hard/crtbegin.o
                0x0000000008004b9c                PROVIDE (__init_array_end = .)
                0x0000000008004b9c                . = ALIGN (0x4)

.fini_array     0x0000000008004b9c        0x4
                0x0000000008004b9c                . = ALIGN (0x4)
                [!provide]                        PROVIDE (__fini_array_start = .)
 *(SORT_BY_NAME(.fini_array.*))
 *(.fini_array*)
 .fini_array    0x0000000008004b9c        0x4 d:/st/stm32cubeide_1.7.0/stm32cubeide/plugins/com.st.stm32cube.ide.mcu.externaltools.gnu-tools-for-stm32.10.3-2021.10.win32_1.0.0.202111181127/tools/bin/../lib/gcc/arm-none-eabi/10.3.1/thumb/v7e-m+fp/hard/crtbegin.o
                [!provide]                        PROVIDE (__fini_array_end = .)
                0x0000000008004ba0                . = ALIGN (0x4)
                0x0000000008004ba0                _sidata = LOADADDR (.data)

.data           0x0000000020000000       0x70 load address 0x0000000008004ba0
                0x0000000020000000                . = ALIGN (0x4)
                0x0000000020000000                _sdata = .
 *(.data)
 *(.data*)
 .data.SystemCoreClock
                0x0000000020000000        0x4 ./Core/Src/system_stm32f4xx.o
                0x0000000020000000                SystemCoreClock
 .data.uwTickPrio
                0x0000000020000004        0x4 ./Drivers/STM32F4xx_HAL_Driver/Src/stm32f4xx_hal.o
                0x0000000020000004                uwTickPrio
 .data.uwTickFreq
                0x0000000020000008        0x1 ./Drivers/STM32F4xx_HAL_Driver/Src/stm32f4xx_hal.o
                0x0000000020000008                uwTickFreq
 *fill*         0x0000000020000009        0x3 
 .data._impure_ptr
                0x000000002000000c        0x4 d:/st/stm32cubeide_1.7.0/stm32cubeide/plugins/com.st.stm32cube.ide.mcu.externaltools.gnu-tools-for-stm32.10.3-2021.10.win32_1.0.0.202111181127/tools/bin/../lib/gcc/arm-none-eabi/10.3.1/../../../../arm-none-eabi/lib/thumb/v7e-m+fp/hard\libc_nano.a(lib_a-impure.o)
                0x000000002000000c                _impure_ptr
 .data.impure_data
                0x0000000020000010       0x60 d:/st/stm32cubeide_1.7.0/stm32cubeide/plugins/com.st.stm32cube.ide.mcu.externaltools.gnu-tools-for-stm32.10.3-2021.10.win32_1.0.0.202111181127/tools/bin/../lib/gcc/arm-none-eabi/10.3.1/../../../../arm-none-eabi/lib/thumb/v7e-m+fp/hard\libc_nano.a(lib_a-impure.o)
 *(.RamFunc)
 *(.RamFunc*)
                0x0000000020000070                . = ALIGN (0x4)
                0x0000000020000070                _edata = .
                0x0000000008004c10                _siccmram = LOADADDR (.ccmram)

.igot.plt       0x0000000020000070        0x0 load address 0x0000000008004c10
 .igot.plt      0x0000000020000070        0x0 d:/st/stm32cubeide_1.7.0/stm32cubeide/plugins/com.st.stm32cube.ide.mcu.externaltools.gnu-tools-for-stm32.10.3-2021.10.win32_1.0.0.202111181127/tools/bin/../lib/gcc/arm-none-eabi/10.3.1/thumb/v7e-m+fp/hard/crtbegin.o

.ccmram         0x0000000010000000        0x0 load address 0x0000000008004c10
                0x0000000010000000                . = ALIGN (0x4)
                0x0000000010000000                _sccmram = .
 *(.ccmram)
 *(.ccmram*)
                0x0000000010000000                . = ALIGN (0x4)
                0x0000000010000000                _eccmram = .
                0x0000000010000000                . = ALIGN (0x4)

.bss            0x0000000020000070      0x330
                0x0000000020000070                _sbss = .
                0x0000000020000070                __bss_start__ = _sbss
 *(.bss)
 .bss           0x0000000020000070       0x1c d:/st/stm32cubeide_1.7.0/stm32cubeide/plugins/com.st.stm32cube.ide.mcu.externaltools.gnu-tools-for-stm32.10.3-2021.10.win32_1.0.0.202111181127/tools/bin/../lib/gcc/arm-none-eabi/10.3.1/thumb/v7e-m+fp/hard/crtbegin.o
 *(.bss*)
 .bss.__sbrk_heap_end
                0x000000002000008c        0x4 ./Core/Src/sysmem.o
 .bss.huart6    0x0000000020000090       0x44 ./Core/Src/usart.o
                0x0000000020000090                huart6
 .bss.hdma_usart6_rx
                0x00000000200000d4       0x60 ./Core/Src/usart.o
                0x00000000200000d4                hdma_usart6_rx
 .bss.hdma_usart6_tx
                0x0000000020000134       0x60 ./Core/Src/usart.o
                0x0000000020000134                hdma_usart6_tx
 .bss.receive_data
                0x0000000020000194      0x1f4 ./Drivers/ESP8266/esp8266.o
                0x0000000020000194                receive_data
 .bss.isRes     0x0000000020000388        0x1 ./Drivers/ESP8266/esp8266.o
                0x0000000020000388                isRes
 *fill*         0x0000000020000389        0x3 
 .bss.uwTick    0x000000002000038c        0x4 ./Drivers/STM32F4xx_HAL_Driver/Src/stm32f4xx_hal.o
                0x000000002000038c                uwTick
 .bss.__lock___malloc_recursive_mutex
                0x0000000020000390        0x1 d:/st/stm32cubeide_1.7.0/stm32cubeide/plugins/com.st.stm32cube.ide.mcu.externaltools.gnu-tools-for-stm32.10.3-2021.10.win32_1.0.0.202111181127/tools/bin/../lib/gcc/arm-none-eabi/10.3.1/../../../../arm-none-eabi/lib/thumb/v7e-m+fp/hard\libc_nano.a(lib_a-lock.o)
                0x0000000020000390                __lock___malloc_recursive_mutex
 .bss.__lock___sfp_recursive_mutex
                0x0000000020000391        0x1 d:/st/stm32cubeide_1.7.0/stm32cubeide/plugins/com.st.stm32cube.ide.mcu.externaltools.gnu-tools-for-stm32.10.3-2021.10.win32_1.0.0.202111181127/tools/bin/../lib/gcc/arm-none-eabi/10.3.1/../../../../arm-none-eabi/lib/thumb/v7e-m+fp/hard\libc_nano.a(lib_a-lock.o)
                0x0000000020000391                __lock___sfp_recursive_mutex
 .bss.__lock___sinit_recursive_mutex
                0x0000000020000392        0x1 d:/st/stm32cubeide_1.7.0/stm32cubeide/plugins/com.st.stm32cube.ide.mcu.externaltools.gnu-tools-for-stm32.10.3-2021.10.win32_1.0.0.202111181127/tools/bin/../lib/gcc/arm-none-eabi/10.3.1/../../../../arm-none-eabi/lib/thumb/v7e-m+fp/hard\libc_nano.a(lib_a-lock.o)
                0x0000000020000392                __lock___sinit_recursive_mutex
 *fill*         0x0000000020000393        0x1 
 .bss.__malloc_free_list
                0x0000000020000394        0x4 d:/st/stm32cubeide_1.7.0/stm32cubeide/plugins/com.st.stm32cube.ide.mcu.externaltools.gnu-tools-for-stm32.10.3-2021.10.win32_1.0.0.202111181127/tools/bin/../lib/gcc/arm-none-eabi/10.3.1/../../../../arm-none-eabi/lib/thumb/v7e-m+fp/hard\libc_nano.a(lib_a-nano-mallocr.o)
                0x0000000020000394                __malloc_free_list
 .bss.__malloc_sbrk_start
                0x0000000020000398        0x4 d:/st/stm32cubeide_1.7.0/stm32cubeide/plugins/com.st.stm32cube.ide.mcu.externaltools.gnu-tools-for-stm32.10.3-2021.10.win32_1.0.0.202111181127/tools/bin/../lib/gcc/arm-none-eabi/10.3.1/../../../../arm-none-eabi/lib/thumb/v7e-m+fp/hard\libc_nano.a(lib_a-nano-mallocr.o)
                0x0000000020000398                __malloc_sbrk_start
 .bss.errno     0x000000002000039c        0x4 d:/st/stm32cubeide_1.7.0/stm32cubeide/plugins/com.st.stm32cube.ide.mcu.externaltools.gnu-tools-for-stm32.10.3-2021.10.win32_1.0.0.202111181127/tools/bin/../lib/gcc/arm-none-eabi/10.3.1/../../../../arm-none-eabi/lib/thumb/v7e-m+fp/hard\libc_nano.a(lib_a-reent.o)
                0x000000002000039c                errno
 *(COMMON)
                0x00000000200003a0                . = ALIGN (0x4)
                0x00000000200003a0                _ebss = .
                0x00000000200003a0                __bss_end__ = _ebss

._user_heap_stack
                0x00000000200003a0      0x600
                0x00000000200003a0                . = ALIGN (0x8)
                [!provide]                        PROVIDE (end = .)
                0x00000000200003a0                PROVIDE (_end = .)
                0x00000000200005a0                . = (. + _Min_Heap_Size)
 *fill*         0x00000000200003a0      0x200 
                0x00000000200009a0                . = (. + _Min_Stack_Size)
 *fill*         0x00000000200005a0      0x400 
                0x00000000200009a0                . = ALIGN (0x8)

/DISCARD/
 libc.a(*)
 libm.a(*)
 libgcc.a(*)

.ARM.attributes
                0x0000000000000000       0x30
 *(.ARM.attributes)
 .ARM.attributes
                0x0000000000000000       0x1e d:/st/stm32cubeide_1.7.0/stm32cubeide/plugins/com.st.stm32cube.ide.mcu.externaltools.gnu-tools-for-stm32.10.3-2021.10.win32_1.0.0.202111181127/tools/bin/../lib/gcc/arm-none-eabi/10.3.1/thumb/v7e-m+fp/hard/crti.o
 .ARM.attributes
                0x000000000000001e       0x34 d:/st/stm32cubeide_1.7.0/stm32cubeide/plugins/com.st.stm32cube.ide.mcu.externaltools.gnu-tools-for-stm32.10.3-2021.10.win32_1.0.0.202111181127/tools/bin/../lib/gcc/arm-none-eabi/10.3.1/thumb/v7e-m+fp/hard/crtbegin.o
 .ARM.attributes
                0x0000000000000052       0x34 ./Core/Src/dma.o
 .ARM.attributes
                0x0000000000000086       0x34 ./Core/Src/gpio.o
 .ARM.attributes
                0x00000000000000ba       0x34 ./Core/Src/main.o
 .ARM.attributes
                0x00000000000000ee       0x34 ./Core/Src/stm32f4xx_hal_msp.o
 .ARM.attributes
                0x0000000000000122       0x34 ./Core/Src/stm32f4xx_it.o
 .ARM.attributes
                0x0000000000000156       0x34 ./Core/Src/syscalls.o
 .ARM.attributes
                0x000000000000018a       0x34 ./Core/Src/sysmem.o
 .ARM.attributes
                0x00000000000001be       0x34 ./Core/Src/system_stm32f4xx.o
 .ARM.attributes
                0x00000000000001f2       0x34 ./Core/Src/usart.o
 .ARM.attributes
                0x0000000000000226       0x21 ./Core/Startup/startup_stm32f407zgtx.o
 .ARM.attributes
                0x0000000000000247       0x34 ./Drivers/ESP8266/esp8266.o
 .ARM.attributes
                0x000000000000027b       0x34 ./Drivers/STM32F4xx_HAL_Driver/Src/stm32f4xx_hal.o
 .ARM.attributes
                0x00000000000002af       0x34 ./Drivers/STM32F4xx_HAL_Driver/Src/stm32f4xx_hal_cortex.o
 .ARM.attributes
                0x00000000000002e3       0x34 ./Drivers/STM32F4xx_HAL_Driver/Src/stm32f4xx_hal_dma.o
 .ARM.attributes
                0x0000000000000317       0x34 ./Drivers/STM32F4xx_HAL_Driver/Src/stm32f4xx_hal_gpio.o
 .ARM.attributes
                0x000000000000034b       0x34 ./Drivers/STM32F4xx_HAL_Driver/Src/stm32f4xx_hal_rcc.o
 .ARM.attributes
                0x000000000000037f       0x34 ./Drivers/STM32F4xx_HAL_Driver/Src/stm32f4xx_hal_uart.o
 .ARM.attributes
                0x00000000000003b3       0x34 d:/st/stm32cubeide_1.7.0/stm32cubeide/plugins/com.st.stm32cube.ide.mcu.externaltools.gnu-tools-for-stm32.10.3-2021.10.win32_1.0.0.202111181127/tools/bin/../lib/gcc/arm-none-eabi/10.3.1/../../../../arm-none-eabi/lib/thumb/v7e-m+fp/hard\libc_nano.a(lib_a-errno.o)
 .ARM.attributes
                0x00000000000003e7       0x34 d:/st/stm32cubeide_1.7.0/stm32cubeide/plugins/com.st.stm32cube.ide.mcu.externaltools.gnu-tools-for-stm32.10.3-2021.10.win32_1.0.0.202111181127/tools/bin/../lib/gcc/arm-none-eabi/10.3.1/../../../../arm-none-eabi/lib/thumb/v7e-m+fp/hard\libc_nano.a(lib_a-impure.o)
 .ARM.attributes
                0x000000000000041b       0x34 d:/st/stm32cubeide_1.7.0/stm32cubeide/plugins/com.st.stm32cube.ide.mcu.externaltools.gnu-tools-for-stm32.10.3-2021.10.win32_1.0.0.202111181127/tools/bin/../lib/gcc/arm-none-eabi/10.3.1/../../../../arm-none-eabi/lib/thumb/v7e-m+fp/hard\libc_nano.a(lib_a-init.o)
 .ARM.attributes
                0x000000000000044f       0x34 d:/st/stm32cubeide_1.7.0/stm32cubeide/plugins/com.st.stm32cube.ide.mcu.externaltools.gnu-tools-for-stm32.10.3-2021.10.win32_1.0.0.202111181127/tools/bin/../lib/gcc/arm-none-eabi/10.3.1/../../../../arm-none-eabi/lib/thumb/v7e-m+fp/hard\libc_nano.a(lib_a-memset.o)
 .ARM.attributes
                0x0000000000000483       0x34 d:/st/stm32cubeide_1.7.0/stm32cubeide/plugins/com.st.stm32cube.ide.mcu.externaltools.gnu-tools-for-stm32.10.3-2021.10.win32_1.0.0.202111181127/tools/bin/../lib/gcc/arm-none-eabi/10.3.1/../../../../arm-none-eabi/lib/thumb/v7e-m+fp/hard\libc_nano.a(lib_a-printf.o)
 .ARM.attributes
                0x00000000000004b7       0x34 d:/st/stm32cubeide_1.7.0/stm32cubeide/plugins/com.st.stm32cube.ide.mcu.externaltools.gnu-tools-for-stm32.10.3-2021.10.win32_1.0.0.202111181127/tools/bin/../lib/gcc/arm-none-eabi/10.3.1/../../../../arm-none-eabi/lib/thumb/v7e-m+fp/hard\libc_nano.a(lib_a-findfp.o)
 .ARM.attributes
                0x00000000000004eb       0x34 d:/st/stm32cubeide_1.7.0/stm32cubeide/plugins/com.st.stm32cube.ide.mcu.externaltools.gnu-tools-for-stm32.10.3-2021.10.win32_1.0.0.202111181127/tools/bin/../lib/gcc/arm-none-eabi/10.3.1/../../../../arm-none-eabi/lib/thumb/v7e-m+fp/hard\libc_nano.a(lib_a-fwalk.o)
 .ARM.attributes
                0x000000000000051f       0x34 d:/st/stm32cubeide_1.7.0/stm32cubeide/plugins/com.st.stm32cube.ide.mcu.externaltools.gnu-tools-for-stm32.10.3-2021.10.win32_1.0.0.202111181127/tools/bin/../lib/gcc/arm-none-eabi/10.3.1/../../../../arm-none-eabi/lib/thumb/v7e-m+fp/hard\libc_nano.a(lib_a-lock.o)
 .ARM.attributes
                0x0000000000000553       0x34 d:/st/stm32cubeide_1.7.0/stm32cubeide/plugins/com.st.stm32cube.ide.mcu.externaltools.gnu-tools-for-stm32.10.3-2021.10.win32_1.0.0.202111181127/tools/bin/../lib/gcc/arm-none-eabi/10.3.1/../../../../arm-none-eabi/lib/thumb/v7e-m+fp/hard\libc_nano.a(lib_a-nano-mallocr.o)
 .ARM.attributes
                0x0000000000000587       0x34 d:/st/stm32cubeide_1.7.0/stm32cubeide/plugins/com.st.stm32cube.ide.mcu.externaltools.gnu-tools-for-stm32.10.3-2021.10.win32_1.0.0.202111181127/tools/bin/../lib/gcc/arm-none-eabi/10.3.1/../../../../arm-none-eabi/lib/thumb/v7e-m+fp/hard\libc_nano.a(lib_a-nano-vfprintf.o)
 .ARM.attributes
                0x00000000000005bb       0x34 d:/st/stm32cubeide_1.7.0/stm32cubeide/plugins/com.st.stm32cube.ide.mcu.externaltools.gnu-tools-for-stm32.10.3-2021.10.win32_1.0.0.202111181127/tools/bin/../lib/gcc/arm-none-eabi/10.3.1/../../../../arm-none-eabi/lib/thumb/v7e-m+fp/hard\libc_nano.a(lib_a-nano-vfprintf_i.o)
 .ARM.attributes
                0x00000000000005ef       0x34 d:/st/stm32cubeide_1.7.0/stm32cubeide/plugins/com.st.stm32cube.ide.mcu.externaltools.gnu-tools-for-stm32.10.3-2021.10.win32_1.0.0.202111181127/tools/bin/../lib/gcc/arm-none-eabi/10.3.1/../../../../arm-none-eabi/lib/thumb/v7e-m+fp/hard\libc_nano.a(lib_a-sbrkr.o)
 .ARM.attributes
                0x0000000000000623       0x34 d:/st/stm32cubeide_1.7.0/stm32cubeide/plugins/com.st.stm32cube.ide.mcu.externaltools.gnu-tools-for-stm32.10.3-2021.10.win32_1.0.0.202111181127/tools/bin/../lib/gcc/arm-none-eabi/10.3.1/../../../../arm-none-eabi/lib/thumb/v7e-m+fp/hard\libc_nano.a(lib_a-stdio.o)
 .ARM.attributes
                0x0000000000000657       0x34 d:/st/stm32cubeide_1.7.0/stm32cubeide/plugins/com.st.stm32cube.ide.mcu.externaltools.gnu-tools-for-stm32.10.3-2021.10.win32_1.0.0.202111181127/tools/bin/../lib/gcc/arm-none-eabi/10.3.1/../../../../arm-none-eabi/lib/thumb/v7e-m+fp/hard\libc_nano.a(lib_a-wbuf.o)
 .ARM.attributes
                0x000000000000068b       0x34 d:/st/stm32cubeide_1.7.0/stm32cubeide/plugins/com.st.stm32cube.ide.mcu.externaltools.gnu-tools-for-stm32.10.3-2021.10.win32_1.0.0.202111181127/tools/bin/../lib/gcc/arm-none-eabi/10.3.1/../../../../arm-none-eabi/lib/thumb/v7e-m+fp/hard\libc_nano.a(lib_a-writer.o)
 .ARM.attributes
                0x00000000000006bf       0x34 d:/st/stm32cubeide_1.7.0/stm32cubeide/plugins/com.st.stm32cube.ide.mcu.externaltools.gnu-tools-for-stm32.10.3-2021.10.win32_1.0.0.202111181127/tools/bin/../lib/gcc/arm-none-eabi/10.3.1/../../../../arm-none-eabi/lib/thumb/v7e-m+fp/hard\libc_nano.a(lib_a-wsetup.o)
 .ARM.attributes
                0x00000000000006f3       0x34 d:/st/stm32cubeide_1.7.0/stm32cubeide/plugins/com.st.stm32cube.ide.mcu.externaltools.gnu-tools-for-stm32.10.3-2021.10.win32_1.0.0.202111181127/tools/bin/../lib/gcc/arm-none-eabi/10.3.1/../../../../arm-none-eabi/lib/thumb/v7e-m+fp/hard\libc_nano.a(lib_a-closer.o)
 .ARM.attributes
                0x0000000000000727       0x34 d:/st/stm32cubeide_1.7.0/stm32cubeide/plugins/com.st.stm32cube.ide.mcu.externaltools.gnu-tools-for-stm32.10.3-2021.10.win32_1.0.0.202111181127/tools/bin/../lib/gcc/arm-none-eabi/10.3.1/../../../../arm-none-eabi/lib/thumb/v7e-m+fp/hard\libc_nano.a(lib_a-fflush.o)
 .ARM.attributes
                0x000000000000075b       0x34 d:/st/stm32cubeide_1.7.0/stm32cubeide/plugins/com.st.stm32cube.ide.mcu.externaltools.gnu-tools-for-stm32.10.3-2021.10.win32_1.0.0.202111181127/tools/bin/../lib/gcc/arm-none-eabi/10.3.1/../../../../arm-none-eabi/lib/thumb/v7e-m+fp/hard\libc_nano.a(lib_a-lseekr.o)
 .ARM.attributes
                0x000000000000078f       0x34 d:/st/stm32cubeide_1.7.0/stm32cubeide/plugins/com.st.stm32cube.ide.mcu.externaltools.gnu-tools-for-stm32.10.3-2021.10.win32_1.0.0.202111181127/tools/bin/../lib/gcc/arm-none-eabi/10.3.1/../../../../arm-none-eabi/lib/thumb/v7e-m+fp/hard\libc_nano.a(lib_a-makebuf.o)
 .ARM.attributes
                0x00000000000007c3       0x1c d:/st/stm32cubeide_1.7.0/stm32cubeide/plugins/com.st.stm32cube.ide.mcu.externaltools.gnu-tools-for-stm32.10.3-2021.10.win32_1.0.0.202111181127/tools/bin/../lib/gcc/arm-none-eabi/10.3.1/../../../../arm-none-eabi/lib/thumb/v7e-m+fp/hard\libc_nano.a(lib_a-memchr.o)
 .ARM.attributes
                0x00000000000007df       0x34 d:/st/stm32cubeide_1.7.0/stm32cubeide/plugins/com.st.stm32cube.ide.mcu.externaltools.gnu-tools-for-stm32.10.3-2021.10.win32_1.0.0.202111181127/tools/bin/../lib/gcc/arm-none-eabi/10.3.1/../../../../arm-none-eabi/lib/thumb/v7e-m+fp/hard\libc_nano.a(lib_a-mlock.o)
 .ARM.attributes
                0x0000000000000813       0x34 d:/st/stm32cubeide_1.7.0/stm32cubeide/plugins/com.st.stm32cube.ide.mcu.externaltools.gnu-tools-for-stm32.10.3-2021.10.win32_1.0.0.202111181127/tools/bin/../lib/gcc/arm-none-eabi/10.3.1/../../../../arm-none-eabi/lib/thumb/v7e-m+fp/hard\libc_nano.a(lib_a-nano-freer.o)
 .ARM.attributes
                0x0000000000000847       0x34 d:/st/stm32cubeide_1.7.0/stm32cubeide/plugins/com.st.stm32cube.ide.mcu.externaltools.gnu-tools-for-stm32.10.3-2021.10.win32_1.0.0.202111181127/tools/bin/../lib/gcc/arm-none-eabi/10.3.1/../../../../arm-none-eabi/lib/thumb/v7e-m+fp/hard\libc_nano.a(lib_a-readr.o)
 .ARM.attributes
                0x000000000000087b       0x34 d:/st/stm32cubeide_1.7.0/stm32cubeide/plugins/com.st.stm32cube.ide.mcu.externaltools.gnu-tools-for-stm32.10.3-2021.10.win32_1.0.0.202111181127/tools/bin/../lib/gcc/arm-none-eabi/10.3.1/../../../../arm-none-eabi/lib/thumb/v7e-m+fp/hard\libc_nano.a(lib_a-reent.o)
 .ARM.attributes
                0x00000000000008af       0x34 d:/st/stm32cubeide_1.7.0/stm32cubeide/plugins/com.st.stm32cube.ide.mcu.externaltools.gnu-tools-for-stm32.10.3-2021.10.win32_1.0.0.202111181127/tools/bin/../lib/gcc/arm-none-eabi/10.3.1/../../../../arm-none-eabi/lib/thumb/v7e-m+fp/hard\libc_nano.a(lib_a-fstatr.o)
 .ARM.attributes
                0x00000000000008e3       0x34 d:/st/stm32cubeide_1.7.0/stm32cubeide/plugins/com.st.stm32cube.ide.mcu.externaltools.gnu-tools-for-stm32.10.3-2021.10.win32_1.0.0.202111181127/tools/bin/../lib/gcc/arm-none-eabi/10.3.1/../../../../arm-none-eabi/lib/thumb/v7e-m+fp/hard\libc_nano.a(lib_a-isattyr.o)
 .ARM.attributes
                0x0000000000000917       0x1e d:/st/stm32cubeide_1.7.0/stm32cubeide/plugins/com.st.stm32cube.ide.mcu.externaltools.gnu-tools-for-stm32.10.3-2021.10.win32_1.0.0.202111181127/tools/bin/../lib/gcc/arm-none-eabi/10.3.1/thumb/v7e-m+fp/hard\libgcc.a(_aeabi_uldivmod.o)
 .ARM.attributes
                0x0000000000000935       0x34 d:/st/stm32cubeide_1.7.0/stm32cubeide/plugins/com.st.stm32cube.ide.mcu.externaltools.gnu-tools-for-stm32.10.3-2021.10.win32_1.0.0.202111181127/tools/bin/../lib/gcc/arm-none-eabi/10.3.1/thumb/v7e-m+fp/hard\libgcc.a(_udivmoddi4.o)
 .ARM.attributes
                0x0000000000000969       0x1e d:/st/stm32cubeide_1.7.0/stm32cubeide/plugins/com.st.stm32cube.ide.mcu.externaltools.gnu-tools-for-stm32.10.3-2021.10.win32_1.0.0.202111181127/tools/bin/../lib/gcc/arm-none-eabi/10.3.1/thumb/v7e-m+fp/hard\libgcc.a(_dvmd_tls.o)
 .ARM.attributes
                0x0000000000000987       0x1e d:/st/stm32cubeide_1.7.0/stm32cubeide/plugins/com.st.stm32cube.ide.mcu.externaltools.gnu-tools-for-stm32.10.3-2021.10.win32_1.0.0.202111181127/tools/bin/../lib/gcc/arm-none-eabi/10.3.1/thumb/v7e-m+fp/hard/crtn.o
OUTPUT(F4_uart_IDLE_demo.elf elf32-littlearm)
LOAD linker stubs
LOAD d:/st/stm32cubeide_1.7.0/stm32cubeide/plugins/com.st.stm32cube.ide.mcu.externaltools.gnu-tools-for-stm32.10.3-2021.10.win32_1.0.0.202111181127/tools/bin/../lib/gcc/arm-none-eabi/10.3.1/../../../../arm-none-eabi/lib/thumb/v7e-m+fp/hard\libc.a
LOAD d:/st/stm32cubeide_1.7.0/stm32cubeide/plugins/com.st.stm32cube.ide.mcu.externaltools.gnu-tools-for-stm32.10.3-2021.10.win32_1.0.0.202111181127/tools/bin/../lib/gcc/arm-none-eabi/10.3.1/../../../../arm-none-eabi/lib/thumb/v7e-m+fp/hard\libm.a
LOAD d:/st/stm32cubeide_1.7.0/stm32cubeide/plugins/com.st.stm32cube.ide.mcu.externaltools.gnu-tools-for-stm32.10.3-2021.10.win32_1.0.0.202111181127/tools/bin/../lib/gcc/arm-none-eabi/10.3.1/thumb/v7e-m+fp/hard\libgcc.a

.debug_info     0x0000000000000000     0xa0d0
 .debug_info    0x0000000000000000      0x4ec ./Core/Src/dma.o
 .debug_info    0x00000000000004ec      0x2a8 ./Core/Src/gpio.o
 .debug_info    0x0000000000000794      0xa57 ./Core/Src/main.o
 .debug_info    0x00000000000011eb      0x2a8 ./Core/Src/stm32f4xx_hal_msp.o
 .debug_info    0x0000000000001493      0x6b4 ./Core/Src/stm32f4xx_it.o
 .debug_info    0x0000000000001b47      0x6e0 ./Core/Src/syscalls.o
 .debug_info    0x0000000000002227      0x171 ./Core/Src/sysmem.o
 .debug_info    0x0000000000002398      0x523 ./Core/Src/system_stm32f4xx.o
 .debug_info    0x00000000000028bb      0xc66 ./Core/Src/usart.o
 .debug_info    0x0000000000003521       0x22 ./Core/Startup/startup_stm32f407zgtx.o
 .debug_info    0x0000000000003543      0x81b ./Drivers/ESP8266/esp8266.o
 .debug_info    0x0000000000003d5e      0x97c ./Drivers/STM32F4xx_HAL_Driver/Src/stm32f4xx_hal.o
 .debug_info    0x00000000000046da      0xe1b ./Drivers/STM32F4xx_HAL_Driver/Src/stm32f4xx_hal_cortex.o
 .debug_info    0x00000000000054f5      0x94f ./Drivers/STM32F4xx_HAL_Driver/Src/stm32f4xx_hal_dma.o
 .debug_info    0x0000000000005e44      0x76a ./Drivers/STM32F4xx_HAL_Driver/Src/stm32f4xx_hal_gpio.o
 .debug_info    0x00000000000065ae      0x966 ./Drivers/STM32F4xx_HAL_Driver/Src/stm32f4xx_hal_rcc.o
 .debug_info    0x0000000000006f14     0x31bc ./Drivers/STM32F4xx_HAL_Driver/Src/stm32f4xx_hal_uart.o

.debug_abbrev   0x0000000000000000     0x1cee
 .debug_abbrev  0x0000000000000000      0x10a ./Core/Src/dma.o
 .debug_abbrev  0x000000000000010a       0xd4 ./Core/Src/gpio.o
 .debug_abbrev  0x00000000000001de      0x210 ./Core/Src/main.o
 .debug_abbrev  0x00000000000003ee       0xd4 ./Core/Src/stm32f4xx_hal_msp.o
 .debug_abbrev  0x00000000000004c2      0x166 ./Core/Src/stm32f4xx_it.o
 .debug_abbrev  0x0000000000000628      0x1b3 ./Core/Src/syscalls.o
 .debug_abbrev  0x00000000000007db       0xbb ./Core/Src/sysmem.o
 .debug_abbrev  0x0000000000000896      0x116 ./Core/Src/system_stm32f4xx.o
 .debug_abbrev  0x00000000000009ac      0x218 ./Core/Src/usart.o
 .debug_abbrev  0x0000000000000bc4       0x12 ./Core/Startup/startup_stm32f407zgtx.o
 .debug_abbrev  0x0000000000000bd6      0x238 ./Drivers/ESP8266/esp8266.o
 .debug_abbrev  0x0000000000000e0e      0x20d ./Drivers/STM32F4xx_HAL_Driver/Src/stm32f4xx_hal.o
 .debug_abbrev  0x000000000000101b      0x316 ./Drivers/STM32F4xx_HAL_Driver/Src/stm32f4xx_hal_cortex.o
 .debug_abbrev  0x0000000000001331      0x25b ./Drivers/STM32F4xx_HAL_Driver/Src/stm32f4xx_hal_dma.o
 .debug_abbrev  0x000000000000158c      0x1c4 ./Drivers/STM32F4xx_HAL_Driver/Src/stm32f4xx_hal_gpio.o
 .debug_abbrev  0x0000000000001750      0x2aa ./Drivers/STM32F4xx_HAL_Driver/Src/stm32f4xx_hal_rcc.o
 .debug_abbrev  0x00000000000019fa      0x2f4 ./Drivers/STM32F4xx_HAL_Driver/Src/stm32f4xx_hal_uart.o

.debug_aranges  0x0000000000000000      0x818
 .debug_aranges
                0x0000000000000000       0x20 ./Core/Src/dma.o
 .debug_aranges
                0x0000000000000020       0x20 ./Core/Src/gpio.o
 .debug_aranges
                0x0000000000000040       0x30 ./Core/Src/main.o
 .debug_aranges
                0x0000000000000070       0x20 ./Core/Src/stm32f4xx_hal_msp.o
 .debug_aranges
                0x0000000000000090       0x78 ./Core/Src/stm32f4xx_it.o
 .debug_aranges
                0x0000000000000108       0xa8 ./Core/Src/syscalls.o
 .debug_aranges
                0x00000000000001b0       0x20 ./Core/Src/sysmem.o
 .debug_aranges
                0x00000000000001d0       0x28 ./Core/Src/system_stm32f4xx.o
 .debug_aranges
                0x00000000000001f8       0x30 ./Core/Src/usart.o
 .debug_aranges
                0x0000000000000228       0x28 ./Core/Startup/startup_stm32f407zgtx.o
 .debug_aranges
                0x0000000000000250       0x50 ./Drivers/ESP8266/esp8266.o
 .debug_aranges
                0x00000000000002a0       0xf0 ./Drivers/STM32F4xx_HAL_Driver/Src/stm32f4xx_hal.o
 .debug_aranges
                0x0000000000000390      0x118 ./Drivers/STM32F4xx_HAL_Driver/Src/stm32f4xx_hal_cortex.o
 .debug_aranges
                0x00000000000004a8       0x90 ./Drivers/STM32F4xx_HAL_Driver/Src/stm32f4xx_hal_dma.o
 .debug_aranges
                0x0000000000000538       0x58 ./Drivers/STM32F4xx_HAL_Driver/Src/stm32f4xx_hal_gpio.o
 .debug_aranges
                0x0000000000000590       0x88 ./Drivers/STM32F4xx_HAL_Driver/Src/stm32f4xx_hal_rcc.o
 .debug_aranges
                0x0000000000000618      0x200 ./Drivers/STM32F4xx_HAL_Driver/Src/stm32f4xx_hal_uart.o

.debug_ranges   0x0000000000000000      0x740
 .debug_ranges  0x0000000000000000       0x10 ./Core/Src/dma.o
 .debug_ranges  0x0000000000000010       0x10 ./Core/Src/gpio.o
 .debug_ranges  0x0000000000000020       0x20 ./Core/Src/main.o
 .debug_ranges  0x0000000000000040       0x10 ./Core/Src/stm32f4xx_hal_msp.o
 .debug_ranges  0x0000000000000050       0x68 ./Core/Src/stm32f4xx_it.o
 .debug_ranges  0x00000000000000b8       0x98 ./Core/Src/syscalls.o
 .debug_ranges  0x0000000000000150       0x10 ./Core/Src/sysmem.o
 .debug_ranges  0x0000000000000160       0x18 ./Core/Src/system_stm32f4xx.o
 .debug_ranges  0x0000000000000178       0x20 ./Core/Src/usart.o
 .debug_ranges  0x0000000000000198       0x20 ./Core/Startup/startup_stm32f407zgtx.o
 .debug_ranges  0x00000000000001b8       0x40 ./Drivers/ESP8266/esp8266.o
 .debug_ranges  0x00000000000001f8       0xe0 ./Drivers/STM32F4xx_HAL_Driver/Src/stm32f4xx_hal.o
 .debug_ranges  0x00000000000002d8      0x108 ./Drivers/STM32F4xx_HAL_Driver/Src/stm32f4xx_hal_cortex.o
 .debug_ranges  0x00000000000003e0       0x80 ./Drivers/STM32F4xx_HAL_Driver/Src/stm32f4xx_hal_dma.o
 .debug_ranges  0x0000000000000460       0x48 ./Drivers/STM32F4xx_HAL_Driver/Src/stm32f4xx_hal_gpio.o
 .debug_ranges  0x00000000000004a8       0x78 ./Drivers/STM32F4xx_HAL_Driver/Src/stm32f4xx_hal_rcc.o
 .debug_ranges  0x0000000000000520      0x220 ./Drivers/STM32F4xx_HAL_Driver/Src/stm32f4xx_hal_uart.o

.debug_macro    0x0000000000000000    0x216fe
 .debug_macro   0x0000000000000000      0x1ce ./Core/Src/dma.o
 .debug_macro   0x00000000000001ce      0xa78 ./Core/Src/dma.o
 .debug_macro   0x0000000000000c46      0x295 ./Core/Src/dma.o
 .debug_macro   0x0000000000000edb       0x2e ./Core/Src/dma.o
 .debug_macro   0x0000000000000f09       0x2f ./Core/Src/dma.o
 .debug_macro   0x0000000000000f38       0x22 ./Core/Src/dma.o
 .debug_macro   0x0000000000000f5a       0x8e ./Core/Src/dma.o
 .debug_macro   0x0000000000000fe8       0x51 ./Core/Src/dma.o
 .debug_macro   0x0000000000001039      0x103 ./Core/Src/dma.o
 .debug_macro   0x000000000000113c       0x6a ./Core/Src/dma.o
 .debug_macro   0x00000000000011a6      0x1df ./Core/Src/dma.o
 .debug_macro   0x0000000000001385       0x1c ./Core/Src/dma.o
 .debug_macro   0x00000000000013a1       0x22 ./Core/Src/dma.o
 .debug_macro   0x00000000000013c3       0xd9 ./Core/Src/dma.o
 .debug_macro   0x000000000000149c     0x102d ./Core/Src/dma.o
 .debug_macro   0x00000000000024c9      0x11f ./Core/Src/dma.o
 .debug_macro   0x00000000000025e8    0x15e82 ./Core/Src/dma.o
 .debug_macro   0x000000000001846a       0x6d ./Core/Src/dma.o
 .debug_macro   0x00000000000184d7     0x367e ./Core/Src/dma.o
 .debug_macro   0x000000000001bb55      0x174 ./Core/Src/dma.o
 .debug_macro   0x000000000001bcc9       0x5c ./Core/Src/dma.o
 .debug_macro   0x000000000001bd25      0x96b ./Core/Src/dma.o
 .debug_macro   0x000000000001c690      0x9fe ./Core/Src/dma.o
 .debug_macro   0x000000000001d08e      0x115 ./Core/Src/dma.o
 .debug_macro   0x000000000001d1a3      0x13e ./Core/Src/dma.o
 .debug_macro   0x000000000001d2e1       0xa5 ./Core/Src/dma.o
 .debug_macro   0x000000000001d386      0x174 ./Core/Src/dma.o
 .debug_macro   0x000000000001d4fa      0x287 ./Core/Src/dma.o
 .debug_macro   0x000000000001d781       0x5f ./Core/Src/dma.o
 .debug_macro   0x000000000001d7e0      0x236 ./Core/Src/dma.o
 .debug_macro   0x000000000001da16      0x12c ./Core/Src/dma.o
 .debug_macro   0x000000000001db42      0x21e ./Core/Src/dma.o
 .debug_macro   0x000000000001dd60       0x2e ./Core/Src/dma.o
 .debug_macro   0x000000000001dd8e      0x11a ./Core/Src/dma.o
 .debug_macro   0x000000000001dea8       0x7e ./Core/Src/dma.o
 .debug_macro   0x000000000001df26       0x89 ./Core/Src/dma.o
 .debug_macro   0x000000000001dfaf      0x295 ./Core/Src/dma.o
 .debug_macro   0x000000000001e244      0x12d ./Core/Src/dma.o
 .debug_macro   0x000000000001e371      0x1ce ./Core/Src/gpio.o
 .debug_macro   0x000000000001e53f      0x37e ./Core/Src/main.o
 .debug_macro   0x000000000001e8bd       0x52 ./Core/Src/main.o
 .debug_macro   0x000000000001e90f       0x1e ./Core/Src/main.o
 .debug_macro   0x000000000001e92d       0x3c ./Core/Src/main.o
 .debug_macro   0x000000000001e969       0x34 ./Core/Src/main.o
 .debug_macro   0x000000000001e99d       0x16 ./Core/Src/main.o
 .debug_macro   0x000000000001e9b3       0x35 ./Core/Src/main.o
 .debug_macro   0x000000000001e9e8      0x341 ./Core/Src/main.o
 .debug_macro   0x000000000001ed29       0x10 ./Core/Src/main.o
 .debug_macro   0x000000000001ed39       0x16 ./Core/Src/main.o
 .debug_macro   0x000000000001ed4f       0x43 ./Core/Src/main.o
 .debug_macro   0x000000000001ed92       0x34 ./Core/Src/main.o
 .debug_macro   0x000000000001edc6       0x10 ./Core/Src/main.o
 .debug_macro   0x000000000001edd6       0x58 ./Core/Src/main.o
 .debug_macro   0x000000000001ee2e       0x71 ./Core/Src/main.o
 .debug_macro   0x000000000001ee9f       0x1c ./Core/Src/main.o
 .debug_macro   0x000000000001eebb      0x12a ./Core/Src/main.o
 .debug_macro   0x000000000001efe5       0x10 ./Core/Src/main.o
 .debug_macro   0x000000000001eff5       0x1c ./Core/Src/main.o
 .debug_macro   0x000000000001f011       0x52 ./Core/Src/main.o
 .debug_macro   0x000000000001f063       0x22 ./Core/Src/main.o
 .debug_macro   0x000000000001f085       0x10 ./Core/Src/main.o
 .debug_macro   0x000000000001f095       0x52 ./Core/Src/main.o
 .debug_macro   0x000000000001f0e7       0xd5 ./Core/Src/main.o
 .debug_macro   0x000000000001f1bc       0x1c ./Core/Src/main.o
 .debug_macro   0x000000000001f1d8       0x3d ./Core/Src/main.o
 .debug_macro   0x000000000001f215       0x16 ./Core/Src/main.o
 .debug_macro   0x000000000001f22b      0x145 ./Core/Src/main.o
 .debug_macro   0x000000000001f370       0x16 ./Core/Src/main.o
 .debug_macro   0x000000000001f386       0x20 ./Core/Src/main.o
 .debug_macro   0x000000000001f3a6       0x22 ./Core/Src/main.o
 .debug_macro   0x000000000001f3c8      0x1c4 ./Core/Src/stm32f4xx_hal_msp.o
 .debug_macro   0x000000000001f58c      0x1ce ./Core/Src/stm32f4xx_it.o
 .debug_macro   0x000000000001f75a      0x24c ./Core/Src/syscalls.o
 .debug_macro   0x000000000001f9a6       0x4c ./Core/Src/syscalls.o
 .debug_macro   0x000000000001f9f2       0x94 ./Core/Src/syscalls.o
 .debug_macro   0x000000000001fa86       0x57 ./Core/Src/syscalls.o
 .debug_macro   0x000000000001fadd       0x10 ./Core/Src/syscalls.o
 .debug_macro   0x000000000001faed       0x10 ./Core/Src/syscalls.o
 .debug_macro   0x000000000001fafd       0x10 ./Core/Src/syscalls.o
 .debug_macro   0x000000000001fb0d       0x35 ./Core/Src/syscalls.o
 .debug_macro   0x000000000001fb42      0x12c ./Core/Src/syscalls.o
 .debug_macro   0x000000000001fc6e       0x16 ./Core/Src/syscalls.o
 .debug_macro   0x000000000001fc84       0x16 ./Core/Src/syscalls.o
 .debug_macro   0x000000000001fc9a       0x29 ./Core/Src/syscalls.o
 .debug_macro   0x000000000001fcc3       0x10 ./Core/Src/syscalls.o
 .debug_macro   0x000000000001fcd3      0x241 ./Core/Src/syscalls.o
 .debug_macro   0x000000000001ff14       0x1c ./Core/Src/syscalls.o
 .debug_macro   0x000000000001ff30       0x10 ./Core/Src/syscalls.o
 .debug_macro   0x000000000001ff40      0x189 ./Core/Src/syscalls.o
 .debug_macro   0x00000000000200c9       0x16 ./Core/Src/syscalls.o
 .debug_macro   0x00000000000200df       0xce ./Core/Src/syscalls.o
 .debug_macro   0x00000000000201ad       0xff ./Core/Src/sysmem.o
 .debug_macro   0x00000000000202ac      0x23b ./Core/Src/sysmem.o
 .debug_macro   0x00000000000204e7      0x1ba ./Core/Src/system_stm32f4xx.o
 .debug_macro   0x00000000000206a1      0x1ce ./Core/Src/usart.o
 .debug_macro   0x000000000002086f      0x376 ./Drivers/ESP8266/esp8266.o
 .debug_macro   0x0000000000020be5       0x1c ./Drivers/ESP8266/esp8266.o
 .debug_macro   0x0000000000020c01       0x10 ./Drivers/ESP8266/esp8266.o
 .debug_macro   0x0000000000020c11      0x21a ./Drivers/STM32F4xx_HAL_Driver/Src/stm32f4xx_hal.o
 .debug_macro   0x0000000000020e2b      0x1ba ./Drivers/STM32F4xx_HAL_Driver/Src/stm32f4xx_hal_cortex.o
 .debug_macro   0x0000000000020fe5      0x1c0 ./Drivers/STM32F4xx_HAL_Driver/Src/stm32f4xx_hal_dma.o
 .debug_macro   0x00000000000211a5      0x1c0 ./Drivers/STM32F4xx_HAL_Driver/Src/stm32f4xx_hal_gpio.o
 .debug_macro   0x0000000000021365      0x1de ./Drivers/STM32F4xx_HAL_Driver/Src/stm32f4xx_hal_rcc.o
 .debug_macro   0x0000000000021543      0x1bb ./Drivers/STM32F4xx_HAL_Driver/Src/stm32f4xx_hal_uart.o

.debug_line     0x0000000000000000     0xb034
 .debug_line    0x0000000000000000      0x684 ./Core/Src/dma.o
 .debug_line    0x0000000000000684      0x683 ./Core/Src/gpio.o
 .debug_line    0x0000000000000d07      0x964 ./Core/Src/main.o
 .debug_line    0x000000000000166b      0x686 ./Core/Src/stm32f4xx_hal_msp.o
 .debug_line    0x0000000000001cf1      0x791 ./Core/Src/stm32f4xx_it.o
 .debug_line    0x0000000000002482      0x7ef ./Core/Src/syscalls.o
 .debug_line    0x0000000000002c71      0x4e5 ./Core/Src/sysmem.o
 .debug_line    0x0000000000003156      0x708 ./Core/Src/system_stm32f4xx.o
 .debug_line    0x000000000000385e      0x742 ./Core/Src/usart.o
 .debug_line    0x0000000000003fa0       0x88 ./Core/Startup/startup_stm32f407zgtx.o
 .debug_line    0x0000000000004028      0x9d0 ./Drivers/ESP8266/esp8266.o
 .debug_line    0x00000000000049f8      0x96e ./Drivers/STM32F4xx_HAL_Driver/Src/stm32f4xx_hal.o
 .debug_line    0x0000000000005366      0xc1d ./Drivers/STM32F4xx_HAL_Driver/Src/stm32f4xx_hal_cortex.o
 .debug_line    0x0000000000005f83      0xed2 ./Drivers/STM32F4xx_HAL_Driver/Src/stm32f4xx_hal_dma.o
 .debug_line    0x0000000000006e55      0xae2 ./Drivers/STM32F4xx_HAL_Driver/Src/stm32f4xx_hal_gpio.o
 .debug_line    0x0000000000007937      0xcea ./Drivers/STM32F4xx_HAL_Driver/Src/stm32f4xx_hal_rcc.o
 .debug_line    0x0000000000008621     0x2a13 ./Drivers/STM32F4xx_HAL_Driver/Src/stm32f4xx_hal_uart.o

.debug_str      0x0000000000000000    0xc3fbe
 .debug_str     0x0000000000000000    0xbc9e5 ./Core/Src/dma.o
                                      0xbcc78 (size before relaxing)
 .debug_str     0x00000000000bc9e5       0x2c ./Core/Src/gpio.o
                                      0xbc75b (size before relaxing)
 .debug_str     0x00000000000bca11     0x4419 ./Core/Src/main.o
                                      0xc0bea (size before relaxing)
 .debug_str     0x00000000000c0e2a       0x2c ./Core/Src/stm32f4xx_hal_msp.o
                                      0xbc75b (size before relaxing)
 .debug_str     0x00000000000c0e56      0x150 ./Core/Src/stm32f4xx_it.o
                                      0xbcbca (size before relaxing)
 .debug_str     0x00000000000c0fa6     0x174d ./Core/Src/syscalls.o
                                       0x8a60 (size before relaxing)
 .debug_str     0x00000000000c26f3       0x6b ./Core/Src/sysmem.o
                                       0x5d9c (size before relaxing)
 .debug_str     0x00000000000c275e       0xdb ./Core/Src/system_stm32f4xx.o
                                      0xbc80b (size before relaxing)
 .debug_str     0x00000000000c2839      0x107 ./Core/Src/usart.o
                                      0xbd229 (size before relaxing)
 .debug_str     0x00000000000c2940       0x36 ./Core/Startup/startup_stm32f407zgtx.o
                                         0x5e (size before relaxing)
 .debug_str     0x00000000000c2976       0xf8 ./Drivers/ESP8266/esp8266.o
                                      0xc0a2c (size before relaxing)
 .debug_str     0x00000000000c2a6e      0x608 ./Drivers/STM32F4xx_HAL_Driver/Src/stm32f4xx_hal.o
                                      0xbd38f (size before relaxing)
 .debug_str     0x00000000000c3076      0x32d ./Drivers/STM32F4xx_HAL_Driver/Src/stm32f4xx_hal_cortex.o
                                      0xbd0c2 (size before relaxing)
 .debug_str     0x00000000000c33a3      0x2f1 ./Drivers/STM32F4xx_HAL_Driver/Src/stm32f4xx_hal_dma.o
                                      0xbcc25 (size before relaxing)
 .debug_str     0x00000000000c3694      0x15d ./Drivers/STM32F4xx_HAL_Driver/Src/stm32f4xx_hal_gpio.o
                                      0xbc986 (size before relaxing)
 .debug_str     0x00000000000c37f1      0x233 ./Drivers/STM32F4xx_HAL_Driver/Src/stm32f4xx_hal_rcc.o
                                      0xbcc3f (size before relaxing)
 .debug_str     0x00000000000c3a24      0x59a ./Drivers/STM32F4xx_HAL_Driver/Src/stm32f4xx_hal_uart.o
                                      0xbd1de (size before relaxing)

.comment        0x0000000000000000       0x50
 .comment       0x0000000000000000       0x50 ./Core/Src/dma.o
                                         0x51 (size before relaxing)
 .comment       0x0000000000000050       0x51 ./Core/Src/gpio.o
 .comment       0x0000000000000050       0x51 ./Core/Src/main.o
 .comment       0x0000000000000050       0x51 ./Core/Src/stm32f4xx_hal_msp.o
 .comment       0x0000000000000050       0x51 ./Core/Src/stm32f4xx_it.o
 .comment       0x0000000000000050       0x51 ./Core/Src/syscalls.o
 .comment       0x0000000000000050       0x51 ./Core/Src/sysmem.o
 .comment       0x0000000000000050       0x51 ./Core/Src/system_stm32f4xx.o
 .comment       0x0000000000000050       0x51 ./Core/Src/usart.o
 .comment       0x0000000000000050       0x51 ./Drivers/ESP8266/esp8266.o
 .comment       0x0000000000000050       0x51 ./Drivers/STM32F4xx_HAL_Driver/Src/stm32f4xx_hal.o
 .comment       0x0000000000000050       0x51 ./Drivers/STM32F4xx_HAL_Driver/Src/stm32f4xx_hal_cortex.o
 .comment       0x0000000000000050       0x51 ./Drivers/STM32F4xx_HAL_Driver/Src/stm32f4xx_hal_dma.o
 .comment       0x0000000000000050       0x51 ./Drivers/STM32F4xx_HAL_Driver/Src/stm32f4xx_hal_gpio.o
 .comment       0x0000000000000050       0x51 ./Drivers/STM32F4xx_HAL_Driver/Src/stm32f4xx_hal_rcc.o
 .comment       0x0000000000000050       0x51 ./Drivers/STM32F4xx_HAL_Driver/Src/stm32f4xx_hal_uart.o

.debug_frame    0x0000000000000000     0x2660
 .debug_frame   0x0000000000000000       0x34 ./Core/Src/dma.o
 .debug_frame   0x0000000000000034       0x38 ./Core/Src/gpio.o
 .debug_frame   0x000000000000006c       0x68 ./Core/Src/main.o
 .debug_frame   0x00000000000000d4       0x38 ./Core/Src/stm32f4xx_hal_msp.o
 .debug_frame   0x000000000000010c      0x158 ./Core/Src/stm32f4xx_it.o
 .debug_frame   0x0000000000000264      0x2ac ./Core/Src/syscalls.o
 .debug_frame   0x0000000000000510       0x34 ./Core/Src/sysmem.o
 .debug_frame   0x0000000000000544       0x58 ./Core/Src/system_stm32f4xx.o
 .debug_frame   0x000000000000059c       0x74 ./Core/Src/usart.o
 .debug_frame   0x0000000000000610      0x100 ./Drivers/ESP8266/esp8266.o
 .debug_frame   0x0000000000000710      0x374 ./Drivers/STM32F4xx_HAL_Driver/Src/stm32f4xx_hal.o
 .debug_frame   0x0000000000000a84      0x498 ./Drivers/STM32F4xx_HAL_Driver/Src/stm32f4xx_hal_cortex.o
 .debug_frame   0x0000000000000f1c      0x250 ./Drivers/STM32F4xx_HAL_Driver/Src/stm32f4xx_hal_dma.o
 .debug_frame   0x000000000000116c      0x14c ./Drivers/STM32F4xx_HAL_Driver/Src/stm32f4xx_hal_gpio.o
 .debug_frame   0x00000000000012b8      0x1f4 ./Drivers/STM32F4xx_HAL_Driver/Src/stm32f4xx_hal_rcc.o
 .debug_frame   0x00000000000014ac      0x92c ./Drivers/STM32F4xx_HAL_Driver/Src/stm32f4xx_hal_uart.o
 .debug_frame   0x0000000000001dd8       0x20 d:/st/stm32cubeide_1.7.0/stm32cubeide/plugins/com.st.stm32cube.ide.mcu.externaltools.gnu-tools-for-stm32.10.3-2021.10.win32_1.0.0.202111181127/tools/bin/../lib/gcc/arm-none-eabi/10.3.1/../../../../arm-none-eabi/lib/thumb/v7e-m+fp/hard\libc_nano.a(lib_a-errno.o)
 .debug_frame   0x0000000000001df8       0x2c d:/st/stm32cubeide_1.7.0/stm32cubeide/plugins/com.st.stm32cube.ide.mcu.externaltools.gnu-tools-for-stm32.10.3-2021.10.win32_1.0.0.202111181127/tools/bin/../lib/gcc/arm-none-eabi/10.3.1/../../../../arm-none-eabi/lib/thumb/v7e-m+fp/hard\libc_nano.a(lib_a-init.o)
 .debug_frame   0x0000000000001e24       0x20 d:/st/stm32cubeide_1.7.0/stm32cubeide/plugins/com.st.stm32cube.ide.mcu.externaltools.gnu-tools-for-stm32.10.3-2021.10.win32_1.0.0.202111181127/tools/bin/../lib/gcc/arm-none-eabi/10.3.1/../../../../arm-none-eabi/lib/thumb/v7e-m+fp/hard\libc_nano.a(lib_a-memset.o)
 .debug_frame   0x0000000000001e44       0x74 d:/st/stm32cubeide_1.7.0/stm32cubeide/plugins/com.st.stm32cube.ide.mcu.externaltools.gnu-tools-for-stm32.10.3-2021.10.win32_1.0.0.202111181127/tools/bin/../lib/gcc/arm-none-eabi/10.3.1/../../../../arm-none-eabi/lib/thumb/v7e-m+fp/hard\libc_nano.a(lib_a-printf.o)
 .debug_frame   0x0000000000001eb8      0x14c d:/st/stm32cubeide_1.7.0/stm32cubeide/plugins/com.st.stm32cube.ide.mcu.externaltools.gnu-tools-for-stm32.10.3-2021.10.win32_1.0.0.202111181127/tools/bin/../lib/gcc/arm-none-eabi/10.3.1/../../../../arm-none-eabi/lib/thumb/v7e-m+fp/hard\libc_nano.a(lib_a-findfp.o)
 .debug_frame   0x0000000000002004       0x54 d:/st/stm32cubeide_1.7.0/stm32cubeide/plugins/com.st.stm32cube.ide.mcu.externaltools.gnu-tools-for-stm32.10.3-2021.10.win32_1.0.0.202111181127/tools/bin/../lib/gcc/arm-none-eabi/10.3.1/../../../../arm-none-eabi/lib/thumb/v7e-m+fp/hard\libc_nano.a(lib_a-fwalk.o)